Pinned SwiftShader Vulkan materials and packaged consumption	Compare all three materials at 1K	﻿2026-09-17T03:19:16.4231199Z ##[group]Run cargo xtask golden check
Pinned SwiftShader Vulkan materials and packaged consumption	Compare all three materials at 1K	2026-09-17T03:19:16.4231662Z ^[[36;1mcargo xtask golden check^[[0m
Pinned SwiftShader Vulkan materials and packaged consumption	Compare all three materials at 1K	2026-09-17T03:19:16.4267620Z shell: /usr/bin/bash -e {0}
Pinned SwiftShader Vulkan materials and packaged consumption	Compare all three materials at 1K	2026-09-17T03:19:16.4267964Z env:
Pinned SwiftShader Vulkan materials and packaged consumption	Compare all three materials at 1K	2026-09-17T03:19:16.4268236Z   CARGO_TERM_COLOR: always
Pinned SwiftShader Vulkan materials and packaged consumption	Compare all three materials at 1K	2026-09-17T03:19:16.4268537Z   CC: clang-18
Pinned SwiftShader Vulkan materials and packaged consumption	Compare all three materials at 1K	2026-09-17T03:19:16.4268790Z   CXX: clang++-18
Pinned SwiftShader Vulkan materials and packaged consumption	Compare all three materials at 1K	2026-09-17T03:19:16.4269064Z   MIXTURE_GPU_BACKEND: vulkan
Pinned SwiftShader Vulkan materials and packaged consumption	Compare all three materials at 1K	2026-09-17T03:19:16.4269385Z   MIXTURE_GPU_SOFTWARE: 1
Pinned SwiftShader Vulkan materials and packaged consumption	Compare all three materials at 1K	2026-09-17T03:19:16.4269717Z   MIXTURE_GPU_EXPECT_ADAPTER: SwiftShader
Pinned SwiftShader Vulkan materials and packaged consumption	Compare all three materials at 1K	2026-09-17T03:19:16.4270453Z   VK_ICD_FILENAMES: /home/runner/work/OpenMixture/OpenMixture/tmp/swiftshader/build/Linux/vk_swiftshader_icd.json
Pinned SwiftShader Vulkan materials and packaged consumption	Compare all three materials at 1K	2026-09-17T03:19:16.4271496Z   VK_DRIVER_FILES: /home/runner/work/OpenMixture/OpenMixture/tmp/swiftshader/build/Linux/vk_swiftshader_icd.json
Pinned SwiftShader Vulkan materials and packaged consumption	Compare all three materials at 1K	2026-09-17T03:19:16.4272189Z ##[endgroup]
Pinned SwiftShader Vulkan materials and packaged consumption	Compare all three materials at 1K	2026-09-17T03:19:16.5135942Z ^[[1m^[[92m    Finished^[[0m `dev` profile [unoptimized + debuginfo] target(s) in 0.05s
Pinned SwiftShader Vulkan materials and packaged consumption	Compare all three materials at 1K	2026-09-17T03:19:16.5149942Z ^[[1m^[[92m     Running^[[0m `target/xtask-runner/debug/xtask golden check`
Pinned SwiftShader Vulkan materials and packaged consumption	Compare all three materials at 1K	2026-09-17T03:19:16.5619521Z Rendering glazed-ceramic on vulkan (software), 1024x1024, 3 cases
Pinned SwiftShader Vulkan materials and packaged consumption	Compare all three materials at 1K	2026-09-17T03:19:42.0470577Z Material machine checks: true; golden comparisons: true. Review: /home/runner/work/OpenMixture/OpenMixture/tmp/golden/glazed-ceramic/software-1789615156517775339-14155/report.json
Pinned SwiftShader Vulkan materials and packaged consumption	Compare all three materials at 1K	2026-09-17T03:19:43.7439454Z Rendering leather on vulkan (software), 1024x1024, 4 cases
Pinned SwiftShader Vulkan materials and packaged consumption	Compare all three materials at 1K	2026-09-17T03:21:08.0755695Z Material machine checks: true; golden comparisons: true. Review: /home/runner/work/OpenMixture/OpenMixture/tmp/golden/leather/software-1789615182054101393-14155/report.json
Pinned SwiftShader Vulkan materials and packaged consumption	Compare all three materials at 1K	2026-09-17T03:21:08.4445299Z Rendering wood on vulkan (software), 1024x1024, 4 cases
Pinned SwiftShader Vulkan materials and packaged consumption	Compare all three materials at 1K	2026-09-17T03:22:09.9021299Z Material machine checks: true; golden comparisons: false. Review: /home/runner/work/OpenMixture/OpenMixture/tmp/golden/wood/software-1789615268083221610-14155/report.json
Pinned SwiftShader Vulkan materials and packaged consumption	Compare all three materials at 1K	2026-09-17T03:22:09.9095888Z wood: material acceptance failed or baseline is missing; inspect report and contact sheets; no baseline was changed
Pinned SwiftShader Vulkan materials and packaged consumption	Compare all three materials at 1K	2026-09-17T03:22:09.9097195Z xtask: material checks failed: wood
Pinned SwiftShader Vulkan materials and packaged consumption	Compare all three materials at 1K	2026-09-17T03:22:09.9124971Z ##[error]Process completed with exit code 1.
