{
  "schemaVersion": 1,
  "input": "missing-warp.mix",
  "outputDirectory": "unused",
  "planHash": null,
  "context": null,
  "execution": null,
  "outputs": [],
  "ok": false,
  "diagnostics": [
    {
      "code": "MIX_PORT_REQUIRED_CONNECTION",
      "stage": "validation",
      "severity": "error",
      "message": "Required input has no valid connection.",
      "documentPath": "missing-warp.mix",
      "nodeId": "sample",
      "portId": "displacement",
      "suggestion": "Connect one compatible output to this required input."
    }
  ]
}
