{
  "compileMs": 0.12045800000000001,
  "context": {
    "adapter": {
      "backend": "Vulkan",
      "device": 49374,
      "deviceType": "Cpu",
      "driver": "SwiftShader driver",
      "driverInfo": "",
      "name": "SwiftShader Device (LLVM 10.0.0)",
      "supportedFeatures": [
        "ADDRESS_MODE_CLAMP_TO_BORDER",
        "ADDRESS_MODE_CLAMP_TO_ZERO",
        "BGRA8UNORM_STORAGE",
        "BUFFER_BINDING_ARRAY",
        "CLEAR_TEXTURE",
        "CLIP_DISTANCES",
        "DEPTH32FLOAT_STENCIL8",
        "DEPTH_CLIP_CONTROL",
        "FLOAT32_BLENDABLE",
        "FLOAT32_FILTERABLE",
        "IMMEDIATES",
        "INDIRECT_FIRST_INSTANCE",
        "MAPPABLE_PRIMARY_BUFFERS",
        "MEMORY_DECORATION_COHERENT",
        "MEMORY_DECORATION_VOLATILE",
        "MULTISAMPLE_ARRAY",
        "MULTIVIEW",
        "PARTIALLY_BOUND_BINDING_ARRAY",
        "PASSTHROUGH_SHADERS",
        "PIPELINE_CACHE",
        "POLYGON_MODE_LINE",
        "POLYGON_MODE_POINT",
        "RG11B10UFLOAT_RENDERABLE",
        "SAMPLED_TEXTURE_AND_STORAGE_BUFFER_ARRAY_NON_UNIFORM_INDEXING",
        "SELECTIVE_MULTIVIEW",
        "SHADER_EARLY_DEPTH_TEST",
        "STORAGE_RESOURCE_BINDING_ARRAY",
        "STORAGE_TEXTURE_ARRAY_NON_UNIFORM_INDEXING",
        "SUBGROUP",
        "SUBGROUP_BARRIER",
        "SUBGROUP_VERTEX",
        "TEXTURE_ADAPTER_SPECIFIC_FORMAT_FEATURES",
        "TEXTURE_ATOMIC",
        "TEXTURE_BINDING_ARRAY",
        "TEXTURE_COMPRESSION_ASTC",
        "TEXTURE_COMPRESSION_ASTC_SLICED_3D",
        "TEXTURE_COMPRESSION_BC",
        "TEXTURE_COMPRESSION_BC_SLICED_3D",
        "TEXTURE_COMPRESSION_ETC2",
        "TEXTURE_FORMAT_16BIT_NORM",
        "TEXTURE_FORMAT_NV12",
        "TEXTURE_FORMAT_P010",
        "TIMESTAMP_QUERY",
        "TIMESTAMP_QUERY_INSIDE_ENCODERS",
        "TIMESTAMP_QUERY_INSIDE_PASSES",
        "VERTEX_WRITABLE_STORAGE",
        "VULKAN_EXTERNAL_MEMORY_FD"
      ],
      "supportedLimits": {
        "maxAccelerationStructuresPerShaderStage": 0,
        "maxBindGroups": 4,
        "maxBindGroupsPlusVertexBuffers": 24,
        "maxBindingArrayAccelerationStructureElementsPerShaderStage": 0,
        "maxBindingArrayElementsPerShaderStage": 500000,
        "maxBindingArraySamplerElementsPerShaderStage": 500000,
        "maxBindingsPerBindGroup": 1024,
        "maxBlasGeometryCount": 0,
        "maxBlasPrimitiveCount": 0,
        "maxBufferSize": 1073741824,
        "maxBuffersAndAccelerationStructuresPerShaderStage": 4294967295,
        "maxColorAttachmentBytesPerSample": 128,
        "maxColorAttachments": 8,
        "maxComputeInvocationsPerWorkgroup": 256,
        "maxComputeWorkgroupSizeX": 256,
        "maxComputeWorkgroupSizeY": 256,
        "maxComputeWorkgroupSizeZ": 64,
        "maxComputeWorkgroupStorageSize": 32768,
        "maxComputeWorkgroupsPerDimension": 65535,
        "maxDynamicStorageBuffersPerPipelineLayout": 4,
        "maxDynamicUniformBuffersPerPipelineLayout": 8,
        "maxImmediateSize": 128,
        "maxInterStageShaderVariables": 31,
        "maxMeshInvocationsPerDimension": 0,
        "maxMeshInvocationsPerWorkgroup": 0,
        "maxMeshMultiviewViewCount": 0,
        "maxMeshOutputLayers": 0,
        "maxMeshOutputPrimitives": 0,
        "maxMeshOutputVertices": 0,
        "maxMeshWorkgroupTotalCount": 0,
        "maxMeshWorkgroupsPerDimension": 0,
        "maxMultiviewViewCount": 6,
        "maxNonSamplerBindings": 4294967295,
        "maxRayDispatchCount": 0,
        "maxRayRecursionDepth": 0,
        "maxSampledTexturesPerShaderStage": 157,
        "maxSamplersPerShaderStage": 64,
        "maxStorageBufferBindingSize": 1073741824,
        "maxStorageBuffersPerShaderStage": 10,
        "maxStorageTexturesPerShaderStage": 10,
        "maxTaskInvocationsPerDimension": 0,
        "maxTaskInvocationsPerWorkgroup": 0,
        "maxTaskPayloadSize": 0,
        "maxTaskWorkgroupTotalCount": 0,
        "maxTaskWorkgroupsPerDimension": 0,
        "maxTextureArrayLayers": 2048,
        "maxTextureDimension1D": 16384,
        "maxTextureDimension2D": 8192,
        "maxTextureDimension3D": 2048,
        "maxTlasInstanceCount": 0,
        "maxUniformBufferBindingSize": 65536,
        "maxUniformBuffersPerShaderStage": 15,
        "maxVertexAttributes": 16,
        "maxVertexBufferArrayStride": 2048,
        "maxVertexBuffers": 16,
        "minStorageBufferOffsetAlignment": 256,
        "minUniformBufferOffsetAlignment": 256
      },
      "vendor": 6880
    },
    "computeProbe": "notRun",
    "device": {
      "features": [],
      "limits": {
        "maxAccelerationStructuresPerShaderStage": 0,
        "maxBindGroups": 4,
        "maxBindGroupsPlusVertexBuffers": 24,
        "maxBindingArrayAccelerationStructureElementsPerShaderStage": 0,
        "maxBindingArrayElementsPerShaderStage": 0,
        "maxBindingArraySamplerElementsPerShaderStage": 0,
        "maxBindingsPerBindGroup": 1000,
        "maxBlasGeometryCount": 0,
        "maxBlasPrimitiveCount": 0,
        "maxBufferSize": 268435456,
        "maxBuffersAndAccelerationStructuresPerShaderStage": 28,
        "maxColorAttachmentBytesPerSample": 32,
        "maxColorAttachments": 8,
        "maxComputeInvocationsPerWorkgroup": 256,
        "maxComputeWorkgroupSizeX": 256,
        "maxComputeWorkgroupSizeY": 256,
        "maxComputeWorkgroupSizeZ": 64,
        "maxComputeWorkgroupStorageSize": 16384,
        "maxComputeWorkgroupsPerDimension": 65535,
        "maxDynamicStorageBuffersPerPipelineLayout": 4,
        "maxDynamicUniformBuffersPerPipelineLayout": 8,
        "maxImmediateSize": 0,
        "maxInterStageShaderVariables": 16,
        "maxMeshInvocationsPerDimension": 0,
        "maxMeshInvocationsPerWorkgroup": 0,
        "maxMeshMultiviewViewCount": 0,
        "maxMeshOutputLayers": 0,
        "maxMeshOutputPrimitives": 0,
        "maxMeshOutputVertices": 0,
        "maxMeshWorkgroupTotalCount": 0,
        "maxMeshWorkgroupsPerDimension": 0,
        "maxMultiviewViewCount": 0,
        "maxNonSamplerBindings": 1000000,
        "maxRayDispatchCount": 0,
        "maxRayRecursionDepth": 0,
        "maxSampledTexturesPerShaderStage": 16,
        "maxSamplersPerShaderStage": 16,
        "maxStorageBufferBindingSize": 134217728,
        "maxStorageBuffersPerShaderStage": 8,
        "maxStorageTexturesPerShaderStage": 4,
        "maxTaskInvocationsPerDimension": 0,
        "maxTaskInvocationsPerWorkgroup": 0,
        "maxTaskPayloadSize": 0,
        "maxTaskWorkgroupTotalCount": 0,
        "maxTaskWorkgroupsPerDimension": 0,
        "maxTextureArrayLayers": 256,
        "maxTextureDimension1D": 8192,
        "maxTextureDimension2D": 8192,
        "maxTextureDimension3D": 2048,
        "maxTlasInstanceCount": 0,
        "maxUniformBufferBindingSize": 65536,
        "maxUniformBuffersPerShaderStage": 12,
        "maxVertexAttributes": 16,
        "maxVertexBufferArrayStride": 2048,
        "maxVertexBuffers": 8,
        "minStorageBufferOffsetAlignment": 256,
        "minUniformBufferOffsetAlignment": 256
      }
    },
    "diagnostics": [],
    "ok": true,
    "readbackProbe": "notRun",
    "requested": {
      "backend": "vulkan",
      "effectiveBackends": [
        "VULKAN"
      ],
      "powerPreference": "high-performance",
      "requiredFeatures": [],
      "requiredLimits": {
        "maxAccelerationStructuresPerShaderStage": 0,
        "maxBindGroups": 4,
        "maxBindGroupsPlusVertexBuffers": 24,
        "maxBindingArrayAccelerationStructureElementsPerShaderStage": 0,
        "maxBindingArrayElementsPerShaderStage": 0,
        "maxBindingArraySamplerElementsPerShaderStage": 0,
        "maxBindingsPerBindGroup": 1000,
        "maxBlasGeometryCount": 0,
        "maxBlasPrimitiveCount": 0,
        "maxBufferSize": 268435456,
        "maxBuffersAndAccelerationStructuresPerShaderStage": 28,
        "maxColorAttachmentBytesPerSample": 32,
        "maxColorAttachments": 8,
        "maxComputeInvocationsPerWorkgroup": 256,
        "maxComputeWorkgroupSizeX": 256,
        "maxComputeWorkgroupSizeY": 256,
        "maxComputeWorkgroupSizeZ": 64,
        "maxComputeWorkgroupStorageSize": 16384,
        "maxComputeWorkgroupsPerDimension": 65535,
        "maxDynamicStorageBuffersPerPipelineLayout": 4,
        "maxDynamicUniformBuffersPerPipelineLayout": 8,
        "maxImmediateSize": 0,
        "maxInterStageShaderVariables": 16,
        "maxMeshInvocationsPerDimension": 0,
        "maxMeshInvocationsPerWorkgroup": 0,
        "maxMeshMultiviewViewCount": 0,
        "maxMeshOutputLayers": 0,
        "maxMeshOutputPrimitives": 0,
        "maxMeshOutputVertices": 0,
        "maxMeshWorkgroupTotalCount": 0,
        "maxMeshWorkgroupsPerDimension": 0,
        "maxMultiviewViewCount": 0,
        "maxNonSamplerBindings": 1000000,
        "maxRayDispatchCount": 0,
        "maxRayRecursionDepth": 0,
        "maxSampledTexturesPerShaderStage": 16,
        "maxSamplersPerShaderStage": 16,
        "maxStorageBufferBindingSize": 134217728,
        "maxStorageBuffersPerShaderStage": 8,
        "maxStorageTexturesPerShaderStage": 4,
        "maxTaskInvocationsPerDimension": 0,
        "maxTaskInvocationsPerWorkgroup": 0,
        "maxTaskPayloadSize": 0,
        "maxTaskWorkgroupTotalCount": 0,
        "maxTaskWorkgroupsPerDimension": 0,
        "maxTextureArrayLayers": 256,
        "maxTextureDimension1D": 8192,
        "maxTextureDimension2D": 8192,
        "maxTextureDimension3D": 2048,
        "maxTlasInstanceCount": 0,
        "maxUniformBufferBindingSize": 65536,
        "maxUniformBuffersPerShaderStage": 12,
        "maxVertexAttributes": 16,
        "maxVertexBufferArrayStride": 2048,
        "maxVertexBuffers": 8,
        "minStorageBufferOffsetAlignment": 256,
        "minUniformBufferOffsetAlignment": 256
      },
      "softwareAdapter": true
    },
    "schemaVersion": 1,
    "verdict": "unverified"
  },
  "contextMs": 31.566625000000002,
  "first": {
    "channels": [
      {
        "bytes": 4194304,
        "channel": "baseColor",
        "encoding": "rgba8-srgb",
        "kind": "color",
        "size": [
          1024,
          1024
        ],
        "source": {
          "from": {
            "nodeId": "color",
            "portId": "color"
          },
          "source": "connected"
        }
      },
      {
        "bytes": 4194304,
        "channel": "normal",
        "encoding": "rgba8-linear",
        "kind": "normal",
        "size": [
          1024,
          1024
        ],
        "source": {
          "from": {
            "nodeId": "normal",
            "portId": "normal"
          },
          "source": "connected"
        }
      },
      {
        "bytes": 4194304,
        "channel": "roughness",
        "encoding": "rgba8-linear",
        "kind": "scalar",
        "size": [
          1024,
          1024
        ],
        "source": {
          "from": {
            "nodeId": "roughness",
            "portId": "value"
          },
          "source": "connected"
        }
      },
      {
        "bytes": 4194304,
        "channel": "height",
        "encoding": "rgba8-linear",
        "kind": "scalar",
        "size": [
          1024,
          1024
        ],
        "source": {
          "from": {
            "nodeId": "height",
            "portId": "value"
          },
          "source": "connected"
        }
      }
    ],
    "execution": {
      "adapter": {
        "backend": "Vulkan",
        "device": 49374,
        "deviceType": "Cpu",
        "driver": "SwiftShader driver",
        "driverInfo": "",
        "name": "SwiftShader Device (LLVM 10.0.0)",
        "supportedFeatures": [
          "ADDRESS_MODE_CLAMP_TO_BORDER",
          "ADDRESS_MODE_CLAMP_TO_ZERO",
          "BGRA8UNORM_STORAGE",
          "BUFFER_BINDING_ARRAY",
          "CLEAR_TEXTURE",
          "CLIP_DISTANCES",
          "DEPTH32FLOAT_STENCIL8",
          "DEPTH_CLIP_CONTROL",
          "FLOAT32_BLENDABLE",
          "FLOAT32_FILTERABLE",
          "IMMEDIATES",
          "INDIRECT_FIRST_INSTANCE",
          "MAPPABLE_PRIMARY_BUFFERS",
          "MEMORY_DECORATION_COHERENT",
          "MEMORY_DECORATION_VOLATILE",
          "MULTISAMPLE_ARRAY",
          "MULTIVIEW",
          "PARTIALLY_BOUND_BINDING_ARRAY",
          "PASSTHROUGH_SHADERS",
          "PIPELINE_CACHE",
          "POLYGON_MODE_LINE",
          "POLYGON_MODE_POINT",
          "RG11B10UFLOAT_RENDERABLE",
          "SAMPLED_TEXTURE_AND_STORAGE_BUFFER_ARRAY_NON_UNIFORM_INDEXING",
          "SELECTIVE_MULTIVIEW",
          "SHADER_EARLY_DEPTH_TEST",
          "STORAGE_RESOURCE_BINDING_ARRAY",
          "STORAGE_TEXTURE_ARRAY_NON_UNIFORM_INDEXING",
          "SUBGROUP",
          "SUBGROUP_BARRIER",
          "SUBGROUP_VERTEX",
          "TEXTURE_ADAPTER_SPECIFIC_FORMAT_FEATURES",
          "TEXTURE_ATOMIC",
          "TEXTURE_BINDING_ARRAY",
          "TEXTURE_COMPRESSION_ASTC",
          "TEXTURE_COMPRESSION_ASTC_SLICED_3D",
          "TEXTURE_COMPRESSION_BC",
          "TEXTURE_COMPRESSION_BC_SLICED_3D",
          "TEXTURE_COMPRESSION_ETC2",
          "TEXTURE_FORMAT_16BIT_NORM",
          "TEXTURE_FORMAT_NV12",
          "TEXTURE_FORMAT_P010",
          "TIMESTAMP_QUERY",
          "TIMESTAMP_QUERY_INSIDE_ENCODERS",
          "TIMESTAMP_QUERY_INSIDE_PASSES",
          "VERTEX_WRITABLE_STORAGE",
          "VULKAN_EXTERNAL_MEMORY_FD"
        ],
        "supportedLimits": {
          "maxAccelerationStructuresPerShaderStage": 0,
          "maxBindGroups": 4,
          "maxBindGroupsPlusVertexBuffers": 24,
          "maxBindingArrayAccelerationStructureElementsPerShaderStage": 0,
          "maxBindingArrayElementsPerShaderStage": 500000,
          "maxBindingArraySamplerElementsPerShaderStage": 500000,
          "maxBindingsPerBindGroup": 1024,
          "maxBlasGeometryCount": 0,
          "maxBlasPrimitiveCount": 0,
          "maxBufferSize": 1073741824,
          "maxBuffersAndAccelerationStructuresPerShaderStage": 4294967295,
          "maxColorAttachmentBytesPerSample": 128,
          "maxColorAttachments": 8,
          "maxComputeInvocationsPerWorkgroup": 256,
          "maxComputeWorkgroupSizeX": 256,
          "maxComputeWorkgroupSizeY": 256,
          "maxComputeWorkgroupSizeZ": 64,
          "maxComputeWorkgroupStorageSize": 32768,
          "maxComputeWorkgroupsPerDimension": 65535,
          "maxDynamicStorageBuffersPerPipelineLayout": 4,
          "maxDynamicUniformBuffersPerPipelineLayout": 8,
          "maxImmediateSize": 128,
          "maxInterStageShaderVariables": 31,
          "maxMeshInvocationsPerDimension": 0,
          "maxMeshInvocationsPerWorkgroup": 0,
          "maxMeshMultiviewViewCount": 0,
          "maxMeshOutputLayers": 0,
          "maxMeshOutputPrimitives": 0,
          "maxMeshOutputVertices": 0,
          "maxMeshWorkgroupTotalCount": 0,
          "maxMeshWorkgroupsPerDimension": 0,
          "maxMultiviewViewCount": 6,
          "maxNonSamplerBindings": 4294967295,
          "maxRayDispatchCount": 0,
          "maxRayRecursionDepth": 0,
          "maxSampledTexturesPerShaderStage": 157,
          "maxSamplersPerShaderStage": 64,
          "maxStorageBufferBindingSize": 1073741824,
          "maxStorageBuffersPerShaderStage": 10,
          "maxStorageTexturesPerShaderStage": 10,
          "maxTaskInvocationsPerDimension": 0,
          "maxTaskInvocationsPerWorkgroup": 0,
          "maxTaskPayloadSize": 0,
          "maxTaskWorkgroupTotalCount": 0,
          "maxTaskWorkgroupsPerDimension": 0,
          "maxTextureArrayLayers": 2048,
          "maxTextureDimension1D": 16384,
          "maxTextureDimension2D": 8192,
          "maxTextureDimension3D": 2048,
          "maxTlasInstanceCount": 0,
          "maxUniformBufferBindingSize": 65536,
          "maxUniformBuffersPerShaderStage": 15,
          "maxVertexAttributes": 16,
          "maxVertexBufferArrayStride": 2048,
          "maxVertexBuffers": 16,
          "minStorageBufferOffsetAlignment": 256,
          "minUniformBufferOffsetAlignment": 256
        },
        "vendor": 6880
      },
      "allocations": {
        "cumulativeBytes": 100663520,
        "liveBytes": 0,
        "peakBytes": 75497696,
        "peakStagingBytes": 8388608,
        "releasedBytes": 100663520,
        "reusedBytes": 0,
        "stagingBytes": 33554432,
        "stagingCount": 4,
        "textureBytes": 67108864,
        "textureCount": 8,
        "uniformBytes": 224,
        "uniformCount": 8
      },
      "estimates": {
        "cumulativeBytes": 100663520,
        "cumulativeReadbackBytes": 33554432,
        "paddedBytesPerRow": 8192,
        "peakBytes": 75497696,
        "readbackBufferBytes": 8388608,
        "readbackBytes": 33554432,
        "textureBytes": 67108864,
        "uniformBytes": 224
      },
      "mappedBytes": 33554432,
      "passCount": 8,
      "pipelineCache": {
        "entries": 6,
        "hits": 2,
        "misses": 6
      },
      "planHash": "sha256:bb18adab7291c5a29f1f6b8c93875e7811d142d037556e3b43993cff49c52c9e",
      "readbackBytes": 33554432,
      "rgbaBytes": 16777216,
      "size": [
        1024,
        1024
      ],
      "timings": {
        "executionMs": 105.12825000000001,
        "pipelineMs": 95.015917,
        "readbackMs": 16.952624999999998,
        "totalMs": 217.210875
      }
    }
  },
  "firstCallMs": 217.22066700000002,
  "gpuExecuted": true,
  "identicalPixels": true,
  "input": "/Users/krapnik/Documents/OpenMixture/tmp/pr-011/performance-software/sources/wood.mix",
  "inputBytes": 4001,
  "mode": "measure",
  "ok": true,
  "outputDirectory": "/Users/krapnik/Documents/OpenMixture/tmp/pr-011/performance-software/wood-1-raw",
  "packagedCratesValidated": false,
  "pixelsCheckedAfterRendererDrop": true,
  "reused": {
    "channels": [
      {
        "bytes": 4194304,
        "channel": "baseColor",
        "encoding": "rgba8-srgb",
        "kind": "color",
        "size": [
          1024,
          1024
        ],
        "source": {
          "from": {
            "nodeId": "color",
            "portId": "color"
          },
          "source": "connected"
        }
      },
      {
        "bytes": 4194304,
        "channel": "normal",
        "encoding": "rgba8-linear",
        "kind": "normal",
        "size": [
          1024,
          1024
        ],
        "source": {
          "from": {
            "nodeId": "normal",
            "portId": "normal"
          },
          "source": "connected"
        }
      },
      {
        "bytes": 4194304,
        "channel": "roughness",
        "encoding": "rgba8-linear",
        "kind": "scalar",
        "size": [
          1024,
          1024
        ],
        "source": {
          "from": {
            "nodeId": "roughness",
            "portId": "value"
          },
          "source": "connected"
        }
      },
      {
        "bytes": 4194304,
        "channel": "height",
        "encoding": "rgba8-linear",
        "kind": "scalar",
        "size": [
          1024,
          1024
        ],
        "source": {
          "from": {
            "nodeId": "height",
            "portId": "value"
          },
          "source": "connected"
        }
      }
    ],
    "execution": {
      "adapter": {
        "backend": "Vulkan",
        "device": 49374,
        "deviceType": "Cpu",
        "driver": "SwiftShader driver",
        "driverInfo": "",
        "name": "SwiftShader Device (LLVM 10.0.0)",
        "supportedFeatures": [
          "ADDRESS_MODE_CLAMP_TO_BORDER",
          "ADDRESS_MODE_CLAMP_TO_ZERO",
          "BGRA8UNORM_STORAGE",
          "BUFFER_BINDING_ARRAY",
          "CLEAR_TEXTURE",
          "CLIP_DISTANCES",
          "DEPTH32FLOAT_STENCIL8",
          "DEPTH_CLIP_CONTROL",
          "FLOAT32_BLENDABLE",
          "FLOAT32_FILTERABLE",
          "IMMEDIATES",
          "INDIRECT_FIRST_INSTANCE",
          "MAPPABLE_PRIMARY_BUFFERS",
          "MEMORY_DECORATION_COHERENT",
          "MEMORY_DECORATION_VOLATILE",
          "MULTISAMPLE_ARRAY",
          "MULTIVIEW",
          "PARTIALLY_BOUND_BINDING_ARRAY",
          "PASSTHROUGH_SHADERS",
          "PIPELINE_CACHE",
          "POLYGON_MODE_LINE",
          "POLYGON_MODE_POINT",
          "RG11B10UFLOAT_RENDERABLE",
          "SAMPLED_TEXTURE_AND_STORAGE_BUFFER_ARRAY_NON_UNIFORM_INDEXING",
          "SELECTIVE_MULTIVIEW",
          "SHADER_EARLY_DEPTH_TEST",
          "STORAGE_RESOURCE_BINDING_ARRAY",
          "STORAGE_TEXTURE_ARRAY_NON_UNIFORM_INDEXING",
          "SUBGROUP",
          "SUBGROUP_BARRIER",
          "SUBGROUP_VERTEX",
          "TEXTURE_ADAPTER_SPECIFIC_FORMAT_FEATURES",
          "TEXTURE_ATOMIC",
          "TEXTURE_BINDING_ARRAY",
          "TEXTURE_COMPRESSION_ASTC",
          "TEXTURE_COMPRESSION_ASTC_SLICED_3D",
          "TEXTURE_COMPRESSION_BC",
          "TEXTURE_COMPRESSION_BC_SLICED_3D",
          "TEXTURE_COMPRESSION_ETC2",
          "TEXTURE_FORMAT_16BIT_NORM",
          "TEXTURE_FORMAT_NV12",
          "TEXTURE_FORMAT_P010",
          "TIMESTAMP_QUERY",
          "TIMESTAMP_QUERY_INSIDE_ENCODERS",
          "TIMESTAMP_QUERY_INSIDE_PASSES",
          "VERTEX_WRITABLE_STORAGE",
          "VULKAN_EXTERNAL_MEMORY_FD"
        ],
        "supportedLimits": {
          "maxAccelerationStructuresPerShaderStage": 0,
          "maxBindGroups": 4,
          "maxBindGroupsPlusVertexBuffers": 24,
          "maxBindingArrayAccelerationStructureElementsPerShaderStage": 0,
          "maxBindingArrayElementsPerShaderStage": 500000,
          "maxBindingArraySamplerElementsPerShaderStage": 500000,
          "maxBindingsPerBindGroup": 1024,
          "maxBlasGeometryCount": 0,
          "maxBlasPrimitiveCount": 0,
          "maxBufferSize": 1073741824,
          "maxBuffersAndAccelerationStructuresPerShaderStage": 4294967295,
          "maxColorAttachmentBytesPerSample": 128,
          "maxColorAttachments": 8,
          "maxComputeInvocationsPerWorkgroup": 256,
          "maxComputeWorkgroupSizeX": 256,
          "maxComputeWorkgroupSizeY": 256,
          "maxComputeWorkgroupSizeZ": 64,
          "maxComputeWorkgroupStorageSize": 32768,
          "maxComputeWorkgroupsPerDimension": 65535,
          "maxDynamicStorageBuffersPerPipelineLayout": 4,
          "maxDynamicUniformBuffersPerPipelineLayout": 8,
          "maxImmediateSize": 128,
          "maxInterStageShaderVariables": 31,
          "maxMeshInvocationsPerDimension": 0,
          "maxMeshInvocationsPerWorkgroup": 0,
          "maxMeshMultiviewViewCount": 0,
          "maxMeshOutputLayers": 0,
          "maxMeshOutputPrimitives": 0,
          "maxMeshOutputVertices": 0,
          "maxMeshWorkgroupTotalCount": 0,
          "maxMeshWorkgroupsPerDimension": 0,
          "maxMultiviewViewCount": 6,
          "maxNonSamplerBindings": 4294967295,
          "maxRayDispatchCount": 0,
          "maxRayRecursionDepth": 0,
          "maxSampledTexturesPerShaderStage": 157,
          "maxSamplersPerShaderStage": 64,
          "maxStorageBufferBindingSize": 1073741824,
          "maxStorageBuffersPerShaderStage": 10,
          "maxStorageTexturesPerShaderStage": 10,
          "maxTaskInvocationsPerDimension": 0,
          "maxTaskInvocationsPerWorkgroup": 0,
          "maxTaskPayloadSize": 0,
          "maxTaskWorkgroupTotalCount": 0,
          "maxTaskWorkgroupsPerDimension": 0,
          "maxTextureArrayLayers": 2048,
          "maxTextureDimension1D": 16384,
          "maxTextureDimension2D": 8192,
          "maxTextureDimension3D": 2048,
          "maxTlasInstanceCount": 0,
          "maxUniformBufferBindingSize": 65536,
          "maxUniformBuffersPerShaderStage": 15,
          "maxVertexAttributes": 16,
          "maxVertexBufferArrayStride": 2048,
          "maxVertexBuffers": 16,
          "minStorageBufferOffsetAlignment": 256,
          "minUniformBufferOffsetAlignment": 256
        },
        "vendor": 6880
      },
      "allocations": {
        "cumulativeBytes": 100663520,
        "liveBytes": 0,
        "peakBytes": 75497696,
        "peakStagingBytes": 8388608,
        "releasedBytes": 100663520,
        "reusedBytes": 0,
        "stagingBytes": 33554432,
        "stagingCount": 4,
        "textureBytes": 67108864,
        "textureCount": 8,
        "uniformBytes": 224,
        "uniformCount": 8
      },
      "estimates": {
        "cumulativeBytes": 100663520,
        "cumulativeReadbackBytes": 33554432,
        "paddedBytesPerRow": 8192,
        "peakBytes": 75497696,
        "readbackBufferBytes": 8388608,
        "readbackBytes": 33554432,
        "textureBytes": 67108864,
        "uniformBytes": 224
      },
      "mappedBytes": 33554432,
      "passCount": 8,
      "pipelineCache": {
        "entries": 6,
        "hits": 8,
        "misses": 0
      },
      "planHash": "sha256:bb18adab7291c5a29f1f6b8c93875e7811d142d037556e3b43993cff49c52c9e",
      "readbackBytes": 33554432,
      "rgbaBytes": 16777216,
      "size": [
        1024,
        1024
      ],
      "timings": {
        "executionMs": 83.591708,
        "pipelineMs": 0.0005,
        "readbackMs": 16.770457999999998,
        "totalMs": 100.426041
      }
    }
  },
  "reusedCallMs": 100.434375,
  "schemaVersion": 1,
  "timingScope": "CPU wall times; context acquisition and render calls separate; file reads/writes and inspection excluded; no GPU timestamps or PNG encoding"
}