   Compiling mixture-cli v0.1.0 (/Users/krapnik/Documents/OpenMixture/crates/mixture-cli)
    Finished `test` profile [unoptimized + debuginfo] target(s) in 0.25s
     Running tests/diagnostics.rs (target/debug/deps/diagnostics-c9effb59fee8dd50)

running 5 tests
test inspect_human_retains_complete_context ... FAILED
test render_human_retains_complete_context ... FAILED
test render_human_keeps_invalid_override_parameter_and_measured_evidence ... FAILED
test validate_human_retains_complete_context ... FAILED
test missing_warp_json_context_and_exit_are_identical_across_commands ... ok

failures:

---- inspect_human_retains_complete_context stdout ----

thread 'inspect_human_retains_complete_context' (1208528) panicked at crates/mixture-cli/tests/diagnostics.rs:34:9:
inspect omitted port: displacement: Could not compile material plan.
MIX_PORT_REQUIRED_CONNECTION: Required input has no valid connection.
  node: sample
  Suggestion: Connect one compatible output to this required input.


---- render_human_retains_complete_context stdout ----

thread 'render_human_retains_complete_context' (1208531) panicked at crates/mixture-cli/tests/diagnostics.rs:34:9:
render omitted port: displacement: MIX_PORT_REQUIRED_CONNECTION: Required input has no valid connection.
  node: sample
  Suggestion: Connect one compatible output to this required input.

note: run with `RUST_BACKTRACE=1` environment variable to display a backtrace

---- render_human_keeps_invalid_override_parameter_and_measured_evidence stdout ----

thread 'render_human_keeps_invalid_override_parameter_and_measured_evidence' (1208530) panicked at crates/mixture-cli/tests/diagnostics.rs:79:9:
missing parameter: cellsX: MIX_PARAMETER_INVALID_VALUE: Override does not satisfy the target parameter's type, range, or enum contract.
  node: checker
  expected: Text("Integer { min: 1, max: 1024 }")
  observed: Text("0")
  publicId: Text("frequency")
  Suggestion: Use the exact JSON type and range declared by the exposed target parameter.


---- validate_human_retains_complete_context stdout ----

thread 'validate_human_retains_complete_context' (1208532) panicked at crates/mixture-cli/tests/diagnostics.rs:34:9:
validate omitted document:: Invalid material: /Users/krapnik/Documents/OpenMixture/crates/mixture-cli/../../fixtures/nodes/warp/missing-input.mix
MIX_PORT_REQUIRED_CONNECTION: Required input has no valid connection.
  node: sample
  port: displacement
  Suggestion: Connect one compatible output to this required input.



failures:
    inspect_human_retains_complete_context
    render_human_keeps_invalid_override_parameter_and_measured_evidence
    render_human_retains_complete_context
    validate_human_retains_complete_context

test result: FAILED. 1 passed; 4 failed; 0 ignored; 0 measured; 0 filtered out; finished in 0.70s

error: test failed, to rerun pass `-p mixture-cli --test diagnostics`
