{
  "compileMs": 0.109459,
  "context": {
    "adapter": {
      "backend": "Metal",
      "device": 0,
      "deviceType": "IntegratedGpu",
      "driver": "",
      "driverInfo": "",
      "name": "Apple M5",
      "supportedFeatures": [
        "ADDRESS_MODE_CLAMP_TO_BORDER",
        "ADDRESS_MODE_CLAMP_TO_ZERO",
        "BGRA8UNORM_STORAGE",
        "BUFFER_BINDING_ARRAY",
        "CLEAR_TEXTURE",
        "CLIP_DISTANCES",
        "DEPTH32FLOAT_STENCIL8",
        "DEPTH_CLIP_CONTROL",
        "DUAL_SOURCE_BLENDING",
        "EXPERIMENTAL_COOPERATIVE_MATRIX",
        "EXPERIMENTAL_MESH_SHADER",
        "EXPERIMENTAL_MESH_SHADER_MULTIVIEW",
        "EXPERIMENTAL_MESH_SHADER_POINTS",
        "EXPERIMENTAL_RAY_QUERY",
        "EXTERNAL_TEXTURE",
        "FLOAT32_BLENDABLE",
        "FLOAT32_FILTERABLE",
        "IMMEDIATES",
        "INDIRECT_FIRST_INSTANCE",
        "MAPPABLE_PRIMARY_BUFFERS",
        "MEMORY_DECORATION_COHERENT",
        "MULTISAMPLE_ARRAY",
        "MULTIVIEW",
        "PARTIALLY_BOUND_BINDING_ARRAY",
        "PASSTHROUGH_SHADERS",
        "POLYGON_MODE_LINE",
        "PRIMITIVE_INDEX",
        "RG11B10UFLOAT_RENDERABLE",
        "SAMPLED_TEXTURE_AND_STORAGE_BUFFER_ARRAY_NON_UNIFORM_INDEXING",
        "SHADER_BARYCENTRICS",
        "SHADER_F16",
        "SHADER_FLOAT32_ATOMIC",
        "SHADER_I16",
        "SHADER_INT64",
        "SHADER_INT64_ATOMIC_MIN_MAX",
        "SHADER_PER_VERTEX",
        "STORAGE_RESOURCE_BINDING_ARRAY",
        "STORAGE_TEXTURE_ARRAY_NON_UNIFORM_INDEXING",
        "SUBGROUP",
        "SUBGROUP_BARRIER",
        "TEXTURE_ADAPTER_SPECIFIC_FORMAT_FEATURES",
        "TEXTURE_ATOMIC",
        "TEXTURE_BINDING_ARRAY",
        "TEXTURE_COMPRESSION_ASTC",
        "TEXTURE_COMPRESSION_ASTC_HDR",
        "TEXTURE_COMPRESSION_ASTC_SLICED_3D",
        "TEXTURE_COMPRESSION_BC",
        "TEXTURE_COMPRESSION_BC_SLICED_3D",
        "TEXTURE_COMPRESSION_ETC2",
        "TEXTURE_FORMAT_16BIT_NORM",
        "TEXTURE_INT64_ATOMIC",
        "TIMESTAMP_QUERY",
        "VERTEX_WRITABLE_STORAGE"
      ],
      "supportedLimits": {
        "maxAccelerationStructuresPerShaderStage": 29,
        "maxBindGroups": 8,
        "maxBindGroupsPlusVertexBuffers": 24,
        "maxBindingArrayAccelerationStructureElementsPerShaderStage": 0,
        "maxBindingArrayElementsPerShaderStage": 1000000,
        "maxBindingArraySamplerElementsPerShaderStage": 500000,
        "maxBindingsPerBindGroup": 4294967295,
        "maxBlasGeometryCount": 16777216,
        "maxBlasPrimitiveCount": 268435456,
        "maxBufferSize": 4294967295,
        "maxBuffersAndAccelerationStructuresPerShaderStage": 29,
        "maxColorAttachmentBytesPerSample": 64,
        "maxColorAttachments": 8,
        "maxComputeInvocationsPerWorkgroup": 1024,
        "maxComputeWorkgroupSizeX": 1024,
        "maxComputeWorkgroupSizeY": 1024,
        "maxComputeWorkgroupSizeZ": 1024,
        "maxComputeWorkgroupStorageSize": 32768,
        "maxComputeWorkgroupsPerDimension": 65535,
        "maxDynamicStorageBuffersPerPipelineLayout": 29,
        "maxDynamicUniformBuffersPerPipelineLayout": 29,
        "maxImmediateSize": 256,
        "maxInterStageShaderVariables": 31,
        "maxMeshInvocationsPerDimension": 1024,
        "maxMeshInvocationsPerWorkgroup": 1024,
        "maxMeshMultiviewViewCount": 0,
        "maxMeshOutputLayers": 2048,
        "maxMeshOutputPrimitives": 256,
        "maxMeshOutputVertices": 256,
        "maxMeshWorkgroupTotalCount": 4194304,
        "maxMeshWorkgroupsPerDimension": 4194304,
        "maxMultiviewViewCount": 8,
        "maxNonSamplerBindings": 4294967295,
        "maxRayDispatchCount": 0,
        "maxRayRecursionDepth": 0,
        "maxSampledTexturesPerShaderStage": 96,
        "maxSamplersPerShaderStage": 16,
        "maxStorageBufferBindingSize": 4294967292,
        "maxStorageBuffersPerShaderStage": 29,
        "maxStorageTexturesPerShaderStage": 32,
        "maxTaskInvocationsPerDimension": 1024,
        "maxTaskInvocationsPerWorkgroup": 1024,
        "maxTaskPayloadSize": 16352,
        "maxTaskWorkgroupTotalCount": 4294967295,
        "maxTaskWorkgroupsPerDimension": 4294967295,
        "maxTextureArrayLayers": 2048,
        "maxTextureDimension1D": 32768,
        "maxTextureDimension2D": 32768,
        "maxTextureDimension3D": 2048,
        "maxTlasInstanceCount": 16777216,
        "maxUniformBufferBindingSize": 4294967295,
        "maxUniformBuffersPerShaderStage": 29,
        "maxVertexAttributes": 31,
        "maxVertexBufferArrayStride": 2048,
        "maxVertexBuffers": 16,
        "minStorageBufferOffsetAlignment": 32,
        "minUniformBufferOffsetAlignment": 256
      },
      "vendor": 0
    },
    "computeProbe": "notRun",
    "device": {
      "features": [],
      "limits": {
        "maxAccelerationStructuresPerShaderStage": 0,
        "maxBindGroups": 4,
        "maxBindGroupsPlusVertexBuffers": 24,
        "maxBindingArrayAccelerationStructureElementsPerShaderStage": 0,
        "maxBindingArrayElementsPerShaderStage": 0,
        "maxBindingArraySamplerElementsPerShaderStage": 0,
        "maxBindingsPerBindGroup": 1000,
        "maxBlasGeometryCount": 0,
        "maxBlasPrimitiveCount": 0,
        "maxBufferSize": 268435456,
        "maxBuffersAndAccelerationStructuresPerShaderStage": 28,
        "maxColorAttachmentBytesPerSample": 32,
        "maxColorAttachments": 8,
        "maxComputeInvocationsPerWorkgroup": 256,
        "maxComputeWorkgroupSizeX": 256,
        "maxComputeWorkgroupSizeY": 256,
        "maxComputeWorkgroupSizeZ": 64,
        "maxComputeWorkgroupStorageSize": 16384,
        "maxComputeWorkgroupsPerDimension": 65535,
        "maxDynamicStorageBuffersPerPipelineLayout": 4,
        "maxDynamicUniformBuffersPerPipelineLayout": 8,
        "maxImmediateSize": 0,
        "maxInterStageShaderVariables": 16,
        "maxMeshInvocationsPerDimension": 0,
        "maxMeshInvocationsPerWorkgroup": 0,
        "maxMeshMultiviewViewCount": 0,
        "maxMeshOutputLayers": 0,
        "maxMeshOutputPrimitives": 0,
        "maxMeshOutputVertices": 0,
        "maxMeshWorkgroupTotalCount": 0,
        "maxMeshWorkgroupsPerDimension": 0,
        "maxMultiviewViewCount": 0,
        "maxNonSamplerBindings": 1000000,
        "maxRayDispatchCount": 0,
        "maxRayRecursionDepth": 0,
        "maxSampledTexturesPerShaderStage": 16,
        "maxSamplersPerShaderStage": 16,
        "maxStorageBufferBindingSize": 134217728,
        "maxStorageBuffersPerShaderStage": 8,
        "maxStorageTexturesPerShaderStage": 4,
        "maxTaskInvocationsPerDimension": 0,
        "maxTaskInvocationsPerWorkgroup": 0,
        "maxTaskPayloadSize": 0,
        "maxTaskWorkgroupTotalCount": 0,
        "maxTaskWorkgroupsPerDimension": 0,
        "maxTextureArrayLayers": 256,
        "maxTextureDimension1D": 8192,
        "maxTextureDimension2D": 8192,
        "maxTextureDimension3D": 2048,
        "maxTlasInstanceCount": 0,
        "maxUniformBufferBindingSize": 65536,
        "maxUniformBuffersPerShaderStage": 12,
        "maxVertexAttributes": 16,
        "maxVertexBufferArrayStride": 2048,
        "maxVertexBuffers": 8,
        "minStorageBufferOffsetAlignment": 256,
        "minUniformBufferOffsetAlignment": 256
      }
    },
    "diagnostics": [],
    "ok": true,
    "readbackProbe": "notRun",
    "requested": {
      "backend": "metal",
      "effectiveBackends": [
        "METAL"
      ],
      "powerPreference": "high-performance",
      "requiredFeatures": [],
      "requiredLimits": {
        "maxAccelerationStructuresPerShaderStage": 0,
        "maxBindGroups": 4,
        "maxBindGroupsPlusVertexBuffers": 24,
        "maxBindingArrayAccelerationStructureElementsPerShaderStage": 0,
        "maxBindingArrayElementsPerShaderStage": 0,
        "maxBindingArraySamplerElementsPerShaderStage": 0,
        "maxBindingsPerBindGroup": 1000,
        "maxBlasGeometryCount": 0,
        "maxBlasPrimitiveCount": 0,
        "maxBufferSize": 268435456,
        "maxBuffersAndAccelerationStructuresPerShaderStage": 28,
        "maxColorAttachmentBytesPerSample": 32,
        "maxColorAttachments": 8,
        "maxComputeInvocationsPerWorkgroup": 256,
        "maxComputeWorkgroupSizeX": 256,
        "maxComputeWorkgroupSizeY": 256,
        "maxComputeWorkgroupSizeZ": 64,
        "maxComputeWorkgroupStorageSize": 16384,
        "maxComputeWorkgroupsPerDimension": 65535,
        "maxDynamicStorageBuffersPerPipelineLayout": 4,
        "maxDynamicUniformBuffersPerPipelineLayout": 8,
        "maxImmediateSize": 0,
        "maxInterStageShaderVariables": 16,
        "maxMeshInvocationsPerDimension": 0,
        "maxMeshInvocationsPerWorkgroup": 0,
        "maxMeshMultiviewViewCount": 0,
        "maxMeshOutputLayers": 0,
        "maxMeshOutputPrimitives": 0,
        "maxMeshOutputVertices": 0,
        "maxMeshWorkgroupTotalCount": 0,
        "maxMeshWorkgroupsPerDimension": 0,
        "maxMultiviewViewCount": 0,
        "maxNonSamplerBindings": 1000000,
        "maxRayDispatchCount": 0,
        "maxRayRecursionDepth": 0,
        "maxSampledTexturesPerShaderStage": 16,
        "maxSamplersPerShaderStage": 16,
        "maxStorageBufferBindingSize": 134217728,
        "maxStorageBuffersPerShaderStage": 8,
        "maxStorageTexturesPerShaderStage": 4,
        "maxTaskInvocationsPerDimension": 0,
        "maxTaskInvocationsPerWorkgroup": 0,
        "maxTaskPayloadSize": 0,
        "maxTaskWorkgroupTotalCount": 0,
        "maxTaskWorkgroupsPerDimension": 0,
        "maxTextureArrayLayers": 256,
        "maxTextureDimension1D": 8192,
        "maxTextureDimension2D": 8192,
        "maxTextureDimension3D": 2048,
        "maxTlasInstanceCount": 0,
        "maxUniformBufferBindingSize": 65536,
        "maxUniformBuffersPerShaderStage": 12,
        "maxVertexAttributes": 16,
        "maxVertexBufferArrayStride": 2048,
        "maxVertexBuffers": 8,
        "minStorageBufferOffsetAlignment": 256,
        "minUniformBufferOffsetAlignment": 256
      },
      "softwareAdapter": false
    },
    "schemaVersion": 1,
    "verdict": "unverified"
  },
  "contextMs": 7.937125,
  "first": {
    "channels": [
      {
        "bytes": 4194304,
        "channel": "baseColor",
        "encoding": "rgba8-srgb",
        "kind": "color",
        "size": [
          1024,
          1024
        ],
        "source": {
          "from": {
            "nodeId": "color",
            "portId": "color"
          },
          "source": "connected"
        }
      },
      {
        "bytes": 4194304,
        "channel": "normal",
        "encoding": "rgba8-linear",
        "kind": "normal",
        "size": [
          1024,
          1024
        ],
        "source": {
          "from": {
            "nodeId": "normal",
            "portId": "normal"
          },
          "source": "connected"
        }
      },
      {
        "bytes": 4194304,
        "channel": "roughness",
        "encoding": "rgba8-linear",
        "kind": "scalar",
        "size": [
          1024,
          1024
        ],
        "source": {
          "from": {
            "nodeId": "roughness",
            "portId": "value"
          },
          "source": "connected"
        }
      },
      {
        "bytes": 4194304,
        "channel": "height",
        "encoding": "rgba8-linear",
        "kind": "scalar",
        "size": [
          1024,
          1024
        ],
        "source": {
          "from": {
            "nodeId": "height",
            "portId": "value"
          },
          "source": "connected"
        }
      }
    ],
    "execution": {
      "adapter": {
        "backend": "Metal",
        "device": 0,
        "deviceType": "IntegratedGpu",
        "driver": "",
        "driverInfo": "",
        "name": "Apple M5",
        "supportedFeatures": [
          "ADDRESS_MODE_CLAMP_TO_BORDER",
          "ADDRESS_MODE_CLAMP_TO_ZERO",
          "BGRA8UNORM_STORAGE",
          "BUFFER_BINDING_ARRAY",
          "CLEAR_TEXTURE",
          "CLIP_DISTANCES",
          "DEPTH32FLOAT_STENCIL8",
          "DEPTH_CLIP_CONTROL",
          "DUAL_SOURCE_BLENDING",
          "EXPERIMENTAL_COOPERATIVE_MATRIX",
          "EXPERIMENTAL_MESH_SHADER",
          "EXPERIMENTAL_MESH_SHADER_MULTIVIEW",
          "EXPERIMENTAL_MESH_SHADER_POINTS",
          "EXPERIMENTAL_RAY_QUERY",
          "EXTERNAL_TEXTURE",
          "FLOAT32_BLENDABLE",
          "FLOAT32_FILTERABLE",
          "IMMEDIATES",
          "INDIRECT_FIRST_INSTANCE",
          "MAPPABLE_PRIMARY_BUFFERS",
          "MEMORY_DECORATION_COHERENT",
          "MULTISAMPLE_ARRAY",
          "MULTIVIEW",
          "PARTIALLY_BOUND_BINDING_ARRAY",
          "PASSTHROUGH_SHADERS",
          "POLYGON_MODE_LINE",
          "PRIMITIVE_INDEX",
          "RG11B10UFLOAT_RENDERABLE",
          "SAMPLED_TEXTURE_AND_STORAGE_BUFFER_ARRAY_NON_UNIFORM_INDEXING",
          "SHADER_BARYCENTRICS",
          "SHADER_F16",
          "SHADER_FLOAT32_ATOMIC",
          "SHADER_I16",
          "SHADER_INT64",
          "SHADER_INT64_ATOMIC_MIN_MAX",
          "SHADER_PER_VERTEX",
          "STORAGE_RESOURCE_BINDING_ARRAY",
          "STORAGE_TEXTURE_ARRAY_NON_UNIFORM_INDEXING",
          "SUBGROUP",
          "SUBGROUP_BARRIER",
          "TEXTURE_ADAPTER_SPECIFIC_FORMAT_FEATURES",
          "TEXTURE_ATOMIC",
          "TEXTURE_BINDING_ARRAY",
          "TEXTURE_COMPRESSION_ASTC",
          "TEXTURE_COMPRESSION_ASTC_HDR",
          "TEXTURE_COMPRESSION_ASTC_SLICED_3D",
          "TEXTURE_COMPRESSION_BC",
          "TEXTURE_COMPRESSION_BC_SLICED_3D",
          "TEXTURE_COMPRESSION_ETC2",
          "TEXTURE_FORMAT_16BIT_NORM",
          "TEXTURE_INT64_ATOMIC",
          "TIMESTAMP_QUERY",
          "VERTEX_WRITABLE_STORAGE"
        ],
        "supportedLimits": {
          "maxAccelerationStructuresPerShaderStage": 29,
          "maxBindGroups": 8,
          "maxBindGroupsPlusVertexBuffers": 24,
          "maxBindingArrayAccelerationStructureElementsPerShaderStage": 0,
          "maxBindingArrayElementsPerShaderStage": 1000000,
          "maxBindingArraySamplerElementsPerShaderStage": 500000,
          "maxBindingsPerBindGroup": 4294967295,
          "maxBlasGeometryCount": 16777216,
          "maxBlasPrimitiveCount": 268435456,
          "maxBufferSize": 4294967295,
          "maxBuffersAndAccelerationStructuresPerShaderStage": 29,
          "maxColorAttachmentBytesPerSample": 64,
          "maxColorAttachments": 8,
          "maxComputeInvocationsPerWorkgroup": 1024,
          "maxComputeWorkgroupSizeX": 1024,
          "maxComputeWorkgroupSizeY": 1024,
          "maxComputeWorkgroupSizeZ": 1024,
          "maxComputeWorkgroupStorageSize": 32768,
          "maxComputeWorkgroupsPerDimension": 65535,
          "maxDynamicStorageBuffersPerPipelineLayout": 29,
          "maxDynamicUniformBuffersPerPipelineLayout": 29,
          "maxImmediateSize": 256,
          "maxInterStageShaderVariables": 31,
          "maxMeshInvocationsPerDimension": 1024,
          "maxMeshInvocationsPerWorkgroup": 1024,
          "maxMeshMultiviewViewCount": 0,
          "maxMeshOutputLayers": 2048,
          "maxMeshOutputPrimitives": 256,
          "maxMeshOutputVertices": 256,
          "maxMeshWorkgroupTotalCount": 4194304,
          "maxMeshWorkgroupsPerDimension": 4194304,
          "maxMultiviewViewCount": 8,
          "maxNonSamplerBindings": 4294967295,
          "maxRayDispatchCount": 0,
          "maxRayRecursionDepth": 0,
          "maxSampledTexturesPerShaderStage": 96,
          "maxSamplersPerShaderStage": 16,
          "maxStorageBufferBindingSize": 4294967292,
          "maxStorageBuffersPerShaderStage": 29,
          "maxStorageTexturesPerShaderStage": 32,
          "maxTaskInvocationsPerDimension": 1024,
          "maxTaskInvocationsPerWorkgroup": 1024,
          "maxTaskPayloadSize": 16352,
          "maxTaskWorkgroupTotalCount": 4294967295,
          "maxTaskWorkgroupsPerDimension": 4294967295,
          "maxTextureArrayLayers": 2048,
          "maxTextureDimension1D": 32768,
          "maxTextureDimension2D": 32768,
          "maxTextureDimension3D": 2048,
          "maxTlasInstanceCount": 16777216,
          "maxUniformBufferBindingSize": 4294967295,
          "maxUniformBuffersPerShaderStage": 29,
          "maxVertexAttributes": 31,
          "maxVertexBufferArrayStride": 2048,
          "maxVertexBuffers": 16,
          "minStorageBufferOffsetAlignment": 32,
          "minUniformBufferOffsetAlignment": 256
        },
        "vendor": 0
      },
      "allocations": {
        "cumulativeBytes": 100663520,
        "liveBytes": 0,
        "peakBytes": 75497696,
        "peakStagingBytes": 8388608,
        "releasedBytes": 100663520,
        "reusedBytes": 0,
        "stagingBytes": 33554432,
        "stagingCount": 4,
        "textureBytes": 67108864,
        "textureCount": 8,
        "uniformBytes": 224,
        "uniformCount": 8
      },
      "estimates": {
        "cumulativeBytes": 100663520,
        "cumulativeReadbackBytes": 33554432,
        "paddedBytesPerRow": 8192,
        "peakBytes": 75497696,
        "readbackBufferBytes": 8388608,
        "readbackBytes": 33554432,
        "textureBytes": 67108864,
        "uniformBytes": 224
      },
      "mappedBytes": 33554432,
      "passCount": 8,
      "pipelineCache": {
        "entries": 6,
        "hits": 2,
        "misses": 6
      },
      "planHash": "sha256:bb18adab7291c5a29f1f6b8c93875e7811d142d037556e3b43993cff49c52c9e",
      "readbackBytes": 33554432,
      "rgbaBytes": 16777216,
      "size": [
        1024,
        1024
      ],
      "timings": {
        "executionMs": 11.604292000000001,
        "pipelineMs": 1.0734169999999998,
        "readbackMs": 19.566416,
        "totalMs": 32.4305
      }
    }
  },
  "firstCallMs": 32.450292,
  "gpuExecuted": true,
  "identicalPixels": true,
  "input": "/Users/krapnik/Documents/OpenMixture/tmp/pr-011/performance-metal/sources/wood.mix",
  "inputBytes": 4001,
  "mode": "measure",
  "ok": true,
  "outputDirectory": "/Users/krapnik/Documents/OpenMixture/tmp/pr-011/performance-metal/wood-3-raw",
  "packagedCratesValidated": false,
  "pixelsCheckedAfterRendererDrop": true,
  "reused": {
    "channels": [
      {
        "bytes": 4194304,
        "channel": "baseColor",
        "encoding": "rgba8-srgb",
        "kind": "color",
        "size": [
          1024,
          1024
        ],
        "source": {
          "from": {
            "nodeId": "color",
            "portId": "color"
          },
          "source": "connected"
        }
      },
      {
        "bytes": 4194304,
        "channel": "normal",
        "encoding": "rgba8-linear",
        "kind": "normal",
        "size": [
          1024,
          1024
        ],
        "source": {
          "from": {
            "nodeId": "normal",
            "portId": "normal"
          },
          "source": "connected"
        }
      },
      {
        "bytes": 4194304,
        "channel": "roughness",
        "encoding": "rgba8-linear",
        "kind": "scalar",
        "size": [
          1024,
          1024
        ],
        "source": {
          "from": {
            "nodeId": "roughness",
            "portId": "value"
          },
          "source": "connected"
        }
      },
      {
        "bytes": 4194304,
        "channel": "height",
        "encoding": "rgba8-linear",
        "kind": "scalar",
        "size": [
          1024,
          1024
        ],
        "source": {
          "from": {
            "nodeId": "height",
            "portId": "value"
          },
          "source": "connected"
        }
      }
    ],
    "execution": {
      "adapter": {
        "backend": "Metal",
        "device": 0,
        "deviceType": "IntegratedGpu",
        "driver": "",
        "driverInfo": "",
        "name": "Apple M5",
        "supportedFeatures": [
          "ADDRESS_MODE_CLAMP_TO_BORDER",
          "ADDRESS_MODE_CLAMP_TO_ZERO",
          "BGRA8UNORM_STORAGE",
          "BUFFER_BINDING_ARRAY",
          "CLEAR_TEXTURE",
          "CLIP_DISTANCES",
          "DEPTH32FLOAT_STENCIL8",
          "DEPTH_CLIP_CONTROL",
          "DUAL_SOURCE_BLENDING",
          "EXPERIMENTAL_COOPERATIVE_MATRIX",
          "EXPERIMENTAL_MESH_SHADER",
          "EXPERIMENTAL_MESH_SHADER_MULTIVIEW",
          "EXPERIMENTAL_MESH_SHADER_POINTS",
          "EXPERIMENTAL_RAY_QUERY",
          "EXTERNAL_TEXTURE",
          "FLOAT32_BLENDABLE",
          "FLOAT32_FILTERABLE",
          "IMMEDIATES",
          "INDIRECT_FIRST_INSTANCE",
          "MAPPABLE_PRIMARY_BUFFERS",
          "MEMORY_DECORATION_COHERENT",
          "MULTISAMPLE_ARRAY",
          "MULTIVIEW",
          "PARTIALLY_BOUND_BINDING_ARRAY",
          "PASSTHROUGH_SHADERS",
          "POLYGON_MODE_LINE",
          "PRIMITIVE_INDEX",
          "RG11B10UFLOAT_RENDERABLE",
          "SAMPLED_TEXTURE_AND_STORAGE_BUFFER_ARRAY_NON_UNIFORM_INDEXING",
          "SHADER_BARYCENTRICS",
          "SHADER_F16",
          "SHADER_FLOAT32_ATOMIC",
          "SHADER_I16",
          "SHADER_INT64",
          "SHADER_INT64_ATOMIC_MIN_MAX",
          "SHADER_PER_VERTEX",
          "STORAGE_RESOURCE_BINDING_ARRAY",
          "STORAGE_TEXTURE_ARRAY_NON_UNIFORM_INDEXING",
          "SUBGROUP",
          "SUBGROUP_BARRIER",
          "TEXTURE_ADAPTER_SPECIFIC_FORMAT_FEATURES",
          "TEXTURE_ATOMIC",
          "TEXTURE_BINDING_ARRAY",
          "TEXTURE_COMPRESSION_ASTC",
          "TEXTURE_COMPRESSION_ASTC_HDR",
          "TEXTURE_COMPRESSION_ASTC_SLICED_3D",
          "TEXTURE_COMPRESSION_BC",
          "TEXTURE_COMPRESSION_BC_SLICED_3D",
          "TEXTURE_COMPRESSION_ETC2",
          "TEXTURE_FORMAT_16BIT_NORM",
          "TEXTURE_INT64_ATOMIC",
          "TIMESTAMP_QUERY",
          "VERTEX_WRITABLE_STORAGE"
        ],
        "supportedLimits": {
          "maxAccelerationStructuresPerShaderStage": 29,
          "maxBindGroups": 8,
          "maxBindGroupsPlusVertexBuffers": 24,
          "maxBindingArrayAccelerationStructureElementsPerShaderStage": 0,
          "maxBindingArrayElementsPerShaderStage": 1000000,
          "maxBindingArraySamplerElementsPerShaderStage": 500000,
          "maxBindingsPerBindGroup": 4294967295,
          "maxBlasGeometryCount": 16777216,
          "maxBlasPrimitiveCount": 268435456,
          "maxBufferSize": 4294967295,
          "maxBuffersAndAccelerationStructuresPerShaderStage": 29,
          "maxColorAttachmentBytesPerSample": 64,
          "maxColorAttachments": 8,
          "maxComputeInvocationsPerWorkgroup": 1024,
          "maxComputeWorkgroupSizeX": 1024,
          "maxComputeWorkgroupSizeY": 1024,
          "maxComputeWorkgroupSizeZ": 1024,
          "maxComputeWorkgroupStorageSize": 32768,
          "maxComputeWorkgroupsPerDimension": 65535,
          "maxDynamicStorageBuffersPerPipelineLayout": 29,
          "maxDynamicUniformBuffersPerPipelineLayout": 29,
          "maxImmediateSize": 256,
          "maxInterStageShaderVariables": 31,
          "maxMeshInvocationsPerDimension": 1024,
          "maxMeshInvocationsPerWorkgroup": 1024,
          "maxMeshMultiviewViewCount": 0,
          "maxMeshOutputLayers": 2048,
          "maxMeshOutputPrimitives": 256,
          "maxMeshOutputVertices": 256,
          "maxMeshWorkgroupTotalCount": 4194304,
          "maxMeshWorkgroupsPerDimension": 4194304,
          "maxMultiviewViewCount": 8,
          "maxNonSamplerBindings": 4294967295,
          "maxRayDispatchCount": 0,
          "maxRayRecursionDepth": 0,
          "maxSampledTexturesPerShaderStage": 96,
          "maxSamplersPerShaderStage": 16,
          "maxStorageBufferBindingSize": 4294967292,
          "maxStorageBuffersPerShaderStage": 29,
          "maxStorageTexturesPerShaderStage": 32,
          "maxTaskInvocationsPerDimension": 1024,
          "maxTaskInvocationsPerWorkgroup": 1024,
          "maxTaskPayloadSize": 16352,
          "maxTaskWorkgroupTotalCount": 4294967295,
          "maxTaskWorkgroupsPerDimension": 4294967295,
          "maxTextureArrayLayers": 2048,
          "maxTextureDimension1D": 32768,
          "maxTextureDimension2D": 32768,
          "maxTextureDimension3D": 2048,
          "maxTlasInstanceCount": 16777216,
          "maxUniformBufferBindingSize": 4294967295,
          "maxUniformBuffersPerShaderStage": 29,
          "maxVertexAttributes": 31,
          "maxVertexBufferArrayStride": 2048,
          "maxVertexBuffers": 16,
          "minStorageBufferOffsetAlignment": 32,
          "minUniformBufferOffsetAlignment": 256
        },
        "vendor": 0
      },
      "allocations": {
        "cumulativeBytes": 100663520,
        "liveBytes": 0,
        "peakBytes": 75497696,
        "peakStagingBytes": 8388608,
        "releasedBytes": 100663520,
        "reusedBytes": 0,
        "stagingBytes": 33554432,
        "stagingCount": 4,
        "textureBytes": 67108864,
        "textureCount": 8,
        "uniformBytes": 224,
        "uniformCount": 8
      },
      "estimates": {
        "cumulativeBytes": 100663520,
        "cumulativeReadbackBytes": 33554432,
        "paddedBytesPerRow": 8192,
        "peakBytes": 75497696,
        "readbackBufferBytes": 8388608,
        "readbackBytes": 33554432,
        "textureBytes": 67108864,
        "uniformBytes": 224
      },
      "mappedBytes": 33554432,
      "passCount": 8,
      "pipelineCache": {
        "entries": 6,
        "hits": 8,
        "misses": 0
      },
      "planHash": "sha256:bb18adab7291c5a29f1f6b8c93875e7811d142d037556e3b43993cff49c52c9e",
      "readbackBytes": 33554432,
      "rgbaBytes": 16777216,
      "size": [
        1024,
        1024
      ],
      "timings": {
        "executionMs": 6.181167,
        "pipelineMs": 0.00075,
        "readbackMs": 23.037208,
        "totalMs": 29.382875
      }
    }
  },
  "reusedCallMs": 29.390209,
  "schemaVersion": 1,
  "timingScope": "CPU wall times; context acquisition and render calls separate; file reads/writes and inspection excluded; no GPU timestamps or PNG encoding"
}