   Compiling proc-macro2 v1.0.107
   Compiling quote v1.0.47
   Compiling unicode-ident v1.0.24
   Compiling simd-adler32 v0.3.10
   Compiling typenum v1.20.1
   Compiling crc32fast v1.5.1
   Compiling adler2 v2.0.1
   Compiling serde_core v1.0.229
   Compiling cfg-if v1.0.4
   Compiling zmij v1.0.23
   Compiling pulldown-cmark v0.13.4
   Compiling serde v1.0.229
   Compiling serde_json v1.0.151
   Compiling bitflags v2.13.1
   Compiling memchr v2.8.3
   Compiling cpufeatures v0.3.1
   Compiling itoa v1.0.18
   Compiling unicase v2.9.0
   Compiling miniz_oxide v0.9.1
   Compiling miniz_oxide v0.8.9
   Compiling fdeflate v0.3.7
   Compiling hybrid-array v0.4.14
   Compiling flate2 v1.1.10
   Compiling crypto-common v0.2.2
   Compiling block-buffer v0.12.1
   Compiling syn v3.0.5
   Compiling png v0.18.1
   Compiling digest v0.11.3
   Compiling sha2 v0.11.0
   Compiling serde_derive v1.0.229
   Compiling xtask v0.1.0 (D:\Coding\OpenMixture\tmp\warp-fma-engine\xtask)
    Finished `dev` profile [unoptimized + debuginfo] target(s) in 23.63s
     Running `target/xtask-runner\debug\xtask.exe test-node warp`
cargo test --locked --all-features -p mixture-wgpu --test nodes node_fixtures_validate_defaults_boundaries_invalid_values_without_gpu
   Compiling proc-macro2 v1.0.107
   Compiling unicode-ident v1.0.24
   Compiling quote v1.0.47
   Compiling serde_core v1.0.229
   Compiling windows-link v0.2.1
   Compiling serde v1.0.229
   Compiling cfg_aliases v0.2.2
   Compiling foldhash v0.2.0
   Compiling cfg-if v1.0.4
   Compiling libm v0.2.16
   Compiling equivalent v1.0.2
   Compiling thiserror v2.0.20
   Compiling autocfg v1.5.1
   Compiling zerocopy v0.8.56
   Compiling log v0.4.34
   Compiling rustc-hash v1.1.0
   Compiling windows-strings v0.5.1
   Compiling windows-result v0.4.1
   Compiling naga v30.0.1
   Compiling windows-threading v0.2.1
   Compiling parking_lot_core v0.9.12
   Compiling bit-vec v0.9.1
   Compiling unicode-width v0.2.2
   Compiling ash v0.38.0+1.3.281
   Compiling libloading v0.8.9
   Compiling bit-set v0.10.0
   Compiling scopeguard v1.2.0
   Compiling num-traits v0.2.19
   Compiling codespan-reporting v0.13.1
   Compiling raw-window-handle v0.6.2
   Compiling once_cell v1.21.4
   Compiling allocator-api2 v0.2.21
   Compiling static_assertions v1.1.0
   Compiling typenum v1.20.1
   Compiling wgpu-hal v30.0.1
   Compiling lock_api v0.4.14
   Compiling presser v0.3.1
   Compiling range-alloc v0.1.5
   Compiling zmij v1.0.23
   Compiling profiling v1.0.18
   Compiling renderdoc-sys v1.1.0
   Compiling wgpu-core v30.0.1
   Compiling serde_json v1.0.151
   Compiling pastey v0.2.3
   Compiling litrs v1.0.0
   Compiling macro_rules_attribute-proc_macro v0.2.3
   Compiling hashbrown v0.16.1
   Compiling hybrid-array v0.4.14
   Compiling hashbrown v0.17.1
   Compiling bitflags v2.13.1
   Compiling wgpu v30.0.1
   Compiling syn v3.0.5
   Compiling syn v2.0.119
   Compiling cpufeatures v0.3.1
   Compiling macro_rules_attribute v0.2.3
   Compiling document-features v0.2.12
   Compiling itoa v1.0.18
   Compiling memchr v2.8.3
   Compiling spirv v0.4.0+sdk-1.4.341.0
   Compiling block-buffer v0.12.1
   Compiling crypto-common v0.2.2
   Compiling indexmap v2.14.2
   Compiling ordered-float v5.5.0
   Compiling serde_derive v1.0.229
   Compiling thiserror-impl v2.0.20
   Compiling windows-implement v0.60.2
   Compiling windows-interface v0.59.3
   Compiling zerocopy-derive v0.8.56
   Compiling bytemuck_derive v1.12.0
   Compiling pollster v0.4.0
   Compiling digest v0.11.3
   Compiling windows-core v0.62.2
   Compiling bytemuck v1.25.2
   Compiling sha2 v0.11.0
   Compiling arrayvec v0.7.8
   Compiling smallvec v1.16.0
   Compiling mixture-core v0.1.0 (D:\Coding\OpenMixture\tmp\warp-fma-engine\crates\mixture-core)
   Compiling parking_lot v0.12.5
   Compiling naga-types v30.0.1
   Compiling half v2.7.1
   Compiling windows-future v0.3.2
   Compiling windows-collections v0.3.2
   Compiling windows-numerics v0.3.1
   Compiling windows v0.62.2
   Compiling wgpu-types v30.0.1
   Compiling wgpu-naga-bridge v30.0.1
   Compiling gpu-allocator v0.28.0
   Compiling wgpu-core-deps-windows-linux-android v30.0.1
   Compiling mixture-wgpu v0.1.0 (D:\Coding\OpenMixture\tmp\warp-fma-engine\crates\mixture-wgpu)
    Finished `test` profile [unoptimized + debuginfo] target(s) in 1m 27s
     Running tests\nodes.rs (target\debug\deps\nodes-5f99117977bca86a.exe)

running 1 test
test node_fixtures_validate_defaults_boundaries_invalid_values_without_gpu ... ok

test result: ok. 1 passed; 0 failed; 0 ignored; 0 measured; 16 filtered out; finished in 0.10s

    Finished `test` profile [unoptimized + debuginfo] target(s) in 0.16s
     Running tests\nodes.rs (target\debug\deps\nodes-5f99117977bca86a.exe)

running 1 test
test node_warp_gpu ... ok

test result: ok. 1 passed; 0 failed; 0 ignored; 0 measured; 16 filtered out; finished in 2.04s

Node warp passed; evidence: D:\Coding\OpenMixture\tmp\warp-fma-engine\tmp/node-tests\dx12\warp.json
