Blender 4.5.13 LTS (hash daeeeca98fb0 built 2026-08-25 01:30:50)
Fra:1 Mem:10.80M (Peak 26.34M) | Time:00:00.00 | Mem:0.02M, Peak:0.02M | Scene, ViewLayer | Synchronizing object | Studio floor
Fra:1 Mem:10.80M (Peak 26.34M) | Time:00:00.00 | Mem:0.02M, Peak:0.02M | Scene, ViewLayer | Synchronizing object | Narrow reflection card
Fra:1 Mem:14.41M (Peak 26.34M) | Time:00:00.00 | Mem:0.02M, Peak:0.02M | Scene, ViewLayer | Initializing
Fra:1 Mem:13.96M (Peak 26.34M) | Time:00:00.00 | Mem:0.02M, Peak:0.02M | Scene, ViewLayer | Waiting for render to start
Fra:1 Mem:13.96M (Peak 26.34M) | Time:00:00.00 | Mem:0.02M, Peak:0.02M | Scene, ViewLayer | Updating Scene
Fra:1 Mem:13.96M (Peak 26.34M) | Time:00:00.00 | Mem:0.02M, Peak:0.02M | Scene, ViewLayer | Updating Shaders
Fra:1 Mem:13.96M (Peak 26.34M) | Time:00:00.00 | Mem:0.02M, Peak:0.02M | Scene, ViewLayer | Loading render kernels (may take a few minutes the first time)
Fra:1 Mem:14.05M (Peak 26.34M) | Time:00:00.02 | Mem:0.03M, Peak:0.03M | Scene, ViewLayer | Updating Procedurals
Fra:1 Mem:14.05M (Peak 26.34M) | Time:00:00.02 | Mem:0.03M, Peak:0.03M | Scene, ViewLayer | Updating Background
Fra:1 Mem:14.05M (Peak 26.34M) | Time:00:00.02 | Mem:0.03M, Peak:0.03M | Scene, ViewLayer | Updating Camera
Fra:1 Mem:14.05M (Peak 26.34M) | Time:00:00.02 | Mem:0.03M, Peak:0.03M | Scene, ViewLayer | Updating Meshes Flags
Fra:1 Mem:14.05M (Peak 26.34M) | Time:00:00.02 | Mem:0.03M, Peak:0.03M | Scene, ViewLayer | Updating Objects
Fra:1 Mem:14.05M (Peak 26.34M) | Time:00:00.02 | Mem:0.03M, Peak:0.03M | Scene, ViewLayer | Updating Objects | Copying Transformations to device
Fra:1 Mem:14.05M (Peak 26.34M) | Time:00:00.02 | Mem:0.03M, Peak:0.03M | Scene, ViewLayer | Updating Particle Systems
Fra:1 Mem:14.05M (Peak 26.34M) | Time:00:00.02 | Mem:0.03M, Peak:0.03M | Scene, ViewLayer | Updating Particle Systems | Copying Particles to device
Fra:1 Mem:14.05M (Peak 26.34M) | Time:00:00.02 | Mem:0.03M, Peak:0.03M | Scene, ViewLayer | Updating Meshes
Fra:1 Mem:16.13M (Peak 26.34M) | Time:00:00.03 | Mem:0.03M, Peak:0.03M | Scene, ViewLayer | Updating Objects | Applying Static Transformations
Fra:1 Mem:16.13M (Peak 26.34M) | Time:00:00.03 | Mem:0.03M, Peak:0.03M | Scene, ViewLayer | Updating Mesh | Computing attributes
Fra:1 Mem:18.85M (Peak 26.34M) | Time:00:00.03 | Mem:0.03M, Peak:0.03M | Scene, ViewLayer | Updating Mesh | Copying Attributes to device
Fra:1 Mem:16.13M (Peak 26.34M) | Time:00:00.07 | Mem:2.76M, Peak:2.76M | Scene, ViewLayer | Updating Geometry BVH light 9/8 | Building BVH
Fra:1 Mem:16.13M (Peak 26.34M) | Time:00:00.07 | Mem:2.76M, Peak:2.76M | Scene, ViewLayer | Updating Geometry BVH Plane.001 4/8 | Building BVH
Fra:1 Mem:16.13M (Peak 26.34M) | Time:00:00.07 | Mem:2.76M, Peak:2.76M | Scene, ViewLayer | Updating Geometry BVH Key softbox 6/8 | Building BVH
Fra:1 Mem:16.13M (Peak 26.34M) | Time:00:00.07 | Mem:2.76M, Peak:2.76M | Scene, ViewLayer | Updating Geometry BVH Sphere 5/8 | Building mesh BLAS |       2 tris | Plane
Fra:1 Mem:16.13M (Peak 26.34M) | Time:00:00.07 | Mem:2.76M, Peak:2.76M | Scene, ViewLayer | Updating Geometry BVH Sphere 5/8 | Building mesh BLAS |     300 tris | Cube
Fra:1 Mem:16.13M (Peak 26.34M) | Time:00:00.07 | Mem:2.76M, Peak:2.76M | Scene, ViewLayer | Updating Geometry BVH Sphere 5/8 | Building mesh BLAS |       2 tris | Plane.001
Fra:1 Mem:16.13M (Peak 26.34M) | Time:00:00.08 | Mem:2.76M, Peak:2.76M | Scene, ViewLayer | Updating Geometry BVH Sphere 5/8 | Building mesh BLAS |   36480 tris | Sphere
Fra:1 Mem:16.13M (Peak 26.34M) | Time:00:00.08 | Mem:2.76M, Peak:2.76M | Scene, ViewLayer | Updating Scene BVH | Building
Fra:1 Mem:16.13M (Peak 26.34M) | Time:00:00.09 | Mem:4.43M, Peak:4.43M | Scene, ViewLayer | Updating Scene BVH | Building TLAS      |       8 instances
Fra:1 Mem:16.13M (Peak 26.34M) | Time:00:00.09 | Mem:4.44M, Peak:4.44M | Scene, ViewLayer | Updating Scene BVH | Copying BVH to device
Fra:1 Mem:16.13M (Peak 26.34M) | Time:00:00.09 | Mem:4.44M, Peak:4.44M | Scene, ViewLayer | Updating Mesh | Computing normals
Fra:1 Mem:17.12M (Peak 26.34M) | Time:00:00.09 | Mem:4.44M, Peak:4.44M | Scene, ViewLayer | Updating Mesh | Copying Mesh to device
Fra:1 Mem:16.13M (Peak 26.34M) | Time:00:00.09 | Mem:5.44M, Peak:5.44M | Scene, ViewLayer | Updating Objects Flags
Fra:1 Mem:16.13M (Peak 26.34M) | Time:00:00.09 | Mem:5.44M, Peak:5.44M | Scene, ViewLayer | Updating Primitive Offsets
Fra:1 Mem:16.13M (Peak 26.34M) | Time:00:00.09 | Mem:5.44M, Peak:5.44M | Scene, ViewLayer | Updating Images
Fra:1 Mem:16.13M (Peak 26.34M) | Time:00:00.09 | Mem:5.44M, Peak:5.44M | Scene, ViewLayer | Updating Images | Loading height.png
Fra:1 Mem:20.13M (Peak 26.34M) | Time:00:00.09 | Mem:5.44M, Peak:5.44M | Scene, ViewLayer | Updating Images | Loading baseColor.png
Fra:1 Mem:20.13M (Peak 26.34M) | Time:00:00.09 | Mem:5.44M, Peak:5.44M | Scene, ViewLayer | Updating Images | Loading normal.png
Fra:1 Mem:32.14M (Peak 32.14M) | Time:00:00.10 | Mem:21.44M, Peak:21.44M | Scene, ViewLayer | Updating Camera Volume
Fra:1 Mem:32.14M (Peak 32.14M) | Time:00:00.10 | Mem:21.44M, Peak:21.44M | Scene, ViewLayer | Updating Lookup Tables
Fra:1 Mem:32.06M (Peak 32.14M) | Time:00:00.10 | Mem:21.53M, Peak:21.53M | Scene, ViewLayer | Updating Lights
Fra:1 Mem:32.06M (Peak 32.14M) | Time:00:00.10 | Mem:21.53M, Peak:21.53M | Scene, ViewLayer | Updating Lights | Computing tree
Fra:1 Mem:32.06M (Peak 32.14M) | Time:00:00.10 | Mem:21.53M, Peak:21.53M | Scene, ViewLayer | Updating Integrator
Fra:1 Mem:32.06M (Peak 32.14M) | Time:00:00.10 | Mem:21.53M, Peak:21.53M | Scene, ViewLayer | Updating Film
Fra:1 Mem:32.15M (Peak 32.15M) | Time:00:00.10 | Mem:21.44M, Peak:21.53M | Scene, ViewLayer | Updating Lookup Tables
Fra:1 Mem:32.06M (Peak 32.15M) | Time:00:00.10 | Mem:21.53M, Peak:21.53M | Scene, ViewLayer | Updating Baking
Fra:1 Mem:32.06M (Peak 32.15M) | Time:00:00.10 | Mem:21.53M, Peak:21.53M | Scene, ViewLayer | Updating Device | Writing constant memory
Fra:1 Mem:32.07M (Peak 64.07M) | Time:00:00.11 | Mem:2741.54M, Peak:2741.54M | Scene, ViewLayer | Sample 0/512 (Using optimized kernels)
Fra:1 Mem:32.05M (Peak 64.07M) | Time:00:00.25 | Remaining:01:08.14 | Mem:2756.83M, Peak:2756.83M | Scene, ViewLayer | Sample 1/512 (Using optimized kernels)
Fra:1 Mem:32.05M (Peak 64.07M) | Time:00:08.46 | Remaining:00:08.28 | Mem:2756.84M, Peak:2756.84M | Scene, ViewLayer | Sample 257/512 (Using optimized kernels)
Fra:1 Mem:47.31M (Peak 77.83M) | Time:00:16.67 | Mem:2756.84M, Peak:2756.84M | Scene, ViewLayer | Sample 512/512 (Using optimized kernels)
Fra:1 Mem:47.31M (Peak 77.83M) | Time:00:16.67 | Mem:2756.84M, Peak:2756.84M | Scene, ViewLayer | Finished
Saved: '/Users/krapnik/Documents/OpenMixture/tmp/ceramic-pbr-review-512/default.png'
Time: 00:16.75 (Saving: 00:00.07)

Fra:1 Mem:12.21M (Peak 27.75M) | Time:00:00.00 | Mem:0.02M, Peak:0.02M | Scene, ViewLayer | Synchronizing object | Studio floor
Fra:1 Mem:12.21M (Peak 27.75M) | Time:00:00.00 | Mem:0.02M, Peak:0.02M | Scene, ViewLayer | Synchronizing object | Narrow reflection card
Fra:1 Mem:14.49M (Peak 27.75M) | Time:00:00.00 | Mem:0.02M, Peak:0.02M | Scene, ViewLayer | Initializing
Fra:1 Mem:14.04M (Peak 27.75M) | Time:00:00.00 | Mem:0.02M, Peak:0.02M | Scene, ViewLayer | Waiting for render to start
Fra:1 Mem:14.04M (Peak 27.75M) | Time:00:00.00 | Mem:0.02M, Peak:0.02M | Scene, ViewLayer | Updating Scene
Fra:1 Mem:14.04M (Peak 27.75M) | Time:00:00.00 | Mem:0.02M, Peak:0.02M | Scene, ViewLayer | Updating Shaders
Fra:1 Mem:14.04M (Peak 27.75M) | Time:00:00.00 | Mem:0.02M, Peak:0.02M | Scene, ViewLayer | Loading render kernels (may take a few minutes the first time)
Fra:1 Mem:14.12M (Peak 27.75M) | Time:00:00.02 | Mem:0.03M, Peak:0.03M | Scene, ViewLayer | Updating Procedurals
Fra:1 Mem:14.12M (Peak 27.75M) | Time:00:00.02 | Mem:0.03M, Peak:0.03M | Scene, ViewLayer | Updating Background
Fra:1 Mem:14.12M (Peak 27.75M) | Time:00:00.02 | Mem:0.03M, Peak:0.03M | Scene, ViewLayer | Updating Camera
Fra:1 Mem:14.12M (Peak 27.75M) | Time:00:00.02 | Mem:0.03M, Peak:0.03M | Scene, ViewLayer | Updating Meshes Flags
Fra:1 Mem:14.12M (Peak 27.75M) | Time:00:00.02 | Mem:0.03M, Peak:0.03M | Scene, ViewLayer | Updating Objects
Fra:1 Mem:14.12M (Peak 27.75M) | Time:00:00.02 | Mem:0.03M, Peak:0.03M | Scene, ViewLayer | Updating Objects | Copying Transformations to device
Fra:1 Mem:14.12M (Peak 27.75M) | Time:00:00.02 | Mem:0.03M, Peak:0.03M | Scene, ViewLayer | Updating Particle Systems
Fra:1 Mem:14.12M (Peak 27.75M) | Time:00:00.02 | Mem:0.03M, Peak:0.03M | Scene, ViewLayer | Updating Particle Systems | Copying Particles to device
Fra:1 Mem:14.12M (Peak 27.75M) | Time:00:00.02 | Mem:0.03M, Peak:0.03M | Scene, ViewLayer | Updating Meshes
Fra:1 Mem:16.21M (Peak 27.75M) | Time:00:00.02 | Mem:0.03M, Peak:0.03M | Scene, ViewLayer | Updating Objects | Applying Static Transformations
Fra:1 Mem:16.21M (Peak 27.75M) | Time:00:00.02 | Mem:0.03M, Peak:0.03M | Scene, ViewLayer | Updating Mesh | Computing attributes
Fra:1 Mem:18.93M (Peak 27.75M) | Time:00:00.02 | Mem:0.03M, Peak:0.03M | Scene, ViewLayer | Updating Mesh | Copying Attributes to device
Fra:1 Mem:16.21M (Peak 27.75M) | Time:00:00.06 | Mem:2.76M, Peak:2.76M | Scene, ViewLayer | Updating Geometry BVH light 9/8 | Building BVH
Fra:1 Mem:16.21M (Peak 27.75M) | Time:00:00.06 | Mem:2.76M, Peak:2.76M | Scene, ViewLayer | Updating Geometry BVH Plane.001 4/8 | Building BVH
Fra:1 Mem:16.21M (Peak 27.75M) | Time:00:00.06 | Mem:2.76M, Peak:2.76M | Scene, ViewLayer | Updating Geometry BVH Narrow reflection card 7/8 | Building BVH
Fra:1 Mem:16.21M (Peak 27.75M) | Time:00:00.06 | Mem:2.76M, Peak:2.76M | Scene, ViewLayer | Updating Geometry BVH Key softbox 6/8 | Building BVH
Fra:1 Mem:16.21M (Peak 27.75M) | Time:00:00.06 | Mem:2.76M, Peak:2.76M | Scene, ViewLayer | Updating Geometry BVH Sphere 5/8 | Building mesh BLAS |       2 tris | Plane.001
Fra:1 Mem:16.21M (Peak 27.75M) | Time:00:00.06 | Mem:2.76M, Peak:2.76M | Scene, ViewLayer | Updating Geometry BVH Sphere 5/8 | Building mesh BLAS |     300 tris | Cube
Fra:1 Mem:16.21M (Peak 27.75M) | Time:00:00.06 | Mem:2.76M, Peak:2.76M | Scene, ViewLayer | Updating Geometry BVH Sphere 5/8 | Building mesh BLAS |   36480 tris | Sphere
Fra:1 Mem:16.21M (Peak 27.75M) | Time:00:00.07 | Mem:4.43M, Peak:4.43M | Scene, ViewLayer | Updating Scene BVH | Building
Fra:1 Mem:16.21M (Peak 27.75M) | Time:00:00.08 | Mem:4.43M, Peak:4.43M | Scene, ViewLayer | Updating Scene BVH | Building TLAS      |       8 instances
Fra:1 Mem:16.21M (Peak 27.75M) | Time:00:00.08 | Mem:4.44M, Peak:4.44M | Scene, ViewLayer | Updating Scene BVH | Copying BVH to device
Fra:1 Mem:16.21M (Peak 27.75M) | Time:00:00.08 | Mem:4.44M, Peak:4.44M | Scene, ViewLayer | Updating Mesh | Computing normals
Fra:1 Mem:17.19M (Peak 27.75M) | Time:00:00.08 | Mem:4.44M, Peak:4.44M | Scene, ViewLayer | Updating Mesh | Copying Mesh to device
Fra:1 Mem:16.21M (Peak 27.75M) | Time:00:00.08 | Mem:5.44M, Peak:5.44M | Scene, ViewLayer | Updating Objects Flags
Fra:1 Mem:16.21M (Peak 27.75M) | Time:00:00.08 | Mem:5.44M, Peak:5.44M | Scene, ViewLayer | Updating Primitive Offsets
Fra:1 Mem:16.21M (Peak 27.75M) | Time:00:00.08 | Mem:5.44M, Peak:5.44M | Scene, ViewLayer | Updating Images
Fra:1 Mem:16.21M (Peak 27.75M) | Time:00:00.08 | Mem:5.44M, Peak:5.44M | Scene, ViewLayer | Updating Images | Loading height.png
Fra:1 Mem:20.21M (Peak 27.75M) | Time:00:00.08 | Mem:5.44M, Peak:5.44M | Scene, ViewLayer | Updating Images | Loading baseColor.png
Fra:1 Mem:24.21M (Peak 27.75M) | Time:00:00.08 | Mem:5.44M, Peak:5.44M | Scene, ViewLayer | Updating Images | Loading normal.png
Fra:1 Mem:32.22M (Peak 32.22M) | Time:00:00.09 | Mem:21.44M, Peak:21.44M | Scene, ViewLayer | Updating Camera Volume
Fra:1 Mem:32.22M (Peak 32.22M) | Time:00:00.09 | Mem:21.44M, Peak:21.44M | Scene, ViewLayer | Updating Lookup Tables
Fra:1 Mem:32.14M (Peak 32.22M) | Time:00:00.09 | Mem:21.53M, Peak:21.53M | Scene, ViewLayer | Updating Lights
Fra:1 Mem:32.14M (Peak 32.22M) | Time:00:00.09 | Mem:21.53M, Peak:21.53M | Scene, ViewLayer | Updating Lights | Computing tree
Fra:1 Mem:32.14M (Peak 32.22M) | Time:00:00.09 | Mem:21.53M, Peak:21.53M | Scene, ViewLayer | Updating Integrator
Fra:1 Mem:32.14M (Peak 32.22M) | Time:00:00.09 | Mem:21.53M, Peak:21.53M | Scene, ViewLayer | Updating Film
Fra:1 Mem:32.23M (Peak 32.23M) | Time:00:00.09 | Mem:21.44M, Peak:21.53M | Scene, ViewLayer | Updating Lookup Tables
Fra:1 Mem:32.14M (Peak 32.23M) | Time:00:00.09 | Mem:21.53M, Peak:21.53M | Scene, ViewLayer | Updating Baking
Fra:1 Mem:32.14M (Peak 32.23M) | Time:00:00.09 | Mem:21.53M, Peak:21.53M | Scene, ViewLayer | Updating Device | Writing constant memory
Fra:1 Mem:32.14M (Peak 64.14M) | Time:00:00.11 | Mem:2741.54M, Peak:2741.54M | Scene, ViewLayer | Sample 0/512 (Using optimized kernels)
Fra:1 Mem:32.13M (Peak 64.14M) | Time:00:00.22 | Remaining:00:55.34 | Mem:2756.83M, Peak:2756.83M | Scene, ViewLayer | Sample 1/512 (Using optimized kernels)
Fra:1 Mem:32.13M (Peak 64.14M) | Time:00:08.44 | Remaining:00:08.26 | Mem:2756.84M, Peak:2756.84M | Scene, ViewLayer | Sample 257/512 (Using optimized kernels)
Fra:1 Mem:47.39M (Peak 77.91M) | Time:00:16.66 | Mem:2756.84M, Peak:2756.84M | Scene, ViewLayer | Sample 512/512 (Using optimized kernels)
Fra:1 Mem:47.39M (Peak 77.91M) | Time:00:16.66 | Mem:2756.84M, Peak:2756.84M | Scene, ViewLayer | Finished
Saved: '/Users/krapnik/Documents/OpenMixture/tmp/ceramic-pbr-review-512/fine-tiles.png'
Time: 00:16.71 (Saving: 00:00.03)

Fra:1 Mem:12.29M (Peak 27.83M) | Time:00:00.00 | Mem:0.02M, Peak:0.02M | Scene, ViewLayer | Synchronizing object | Studio floor
Fra:1 Mem:12.29M (Peak 27.83M) | Time:00:00.00 | Mem:0.02M, Peak:0.02M | Scene, ViewLayer | Synchronizing object | Key softbox
Fra:1 Mem:12.29M (Peak 27.83M) | Time:00:00.00 | Mem:0.02M, Peak:0.02M | Scene, ViewLayer | Synchronizing object | Narrow reflection card
Fra:1 Mem:14.57M (Peak 27.83M) | Time:00:00.00 | Mem:0.02M, Peak:0.02M | Scene, ViewLayer | Initializing
Fra:1 Mem:14.12M (Peak 27.83M) | Time:00:00.00 | Mem:0.02M, Peak:0.02M | Scene, ViewLayer | Waiting for render to start
Fra:1 Mem:14.12M (Peak 27.83M) | Time:00:00.00 | Mem:0.02M, Peak:0.02M | Scene, ViewLayer | Updating Scene
Fra:1 Mem:14.12M (Peak 27.83M) | Time:00:00.00 | Mem:0.02M, Peak:0.02M | Scene, ViewLayer | Updating Shaders
Fra:1 Mem:14.12M (Peak 27.83M) | Time:00:00.00 | Mem:0.02M, Peak:0.02M | Scene, ViewLayer | Loading render kernels (may take a few minutes the first time)
Fra:1 Mem:14.20M (Peak 27.83M) | Time:00:00.02 | Mem:0.03M, Peak:0.03M | Scene, ViewLayer | Updating Procedurals
Fra:1 Mem:14.20M (Peak 27.83M) | Time:00:00.02 | Mem:0.03M, Peak:0.03M | Scene, ViewLayer | Updating Background
Fra:1 Mem:14.20M (Peak 27.83M) | Time:00:00.02 | Mem:0.03M, Peak:0.03M | Scene, ViewLayer | Updating Camera
Fra:1 Mem:14.20M (Peak 27.83M) | Time:00:00.02 | Mem:0.03M, Peak:0.03M | Scene, ViewLayer | Updating Meshes Flags
Fra:1 Mem:14.20M (Peak 27.83M) | Time:00:00.02 | Mem:0.03M, Peak:0.03M | Scene, ViewLayer | Updating Objects
Fra:1 Mem:14.20M (Peak 27.83M) | Time:00:00.02 | Mem:0.03M, Peak:0.03M | Scene, ViewLayer | Updating Objects | Copying Transformations to device
Fra:1 Mem:14.20M (Peak 27.83M) | Time:00:00.02 | Mem:0.03M, Peak:0.03M | Scene, ViewLayer | Updating Particle Systems
Fra:1 Mem:14.20M (Peak 27.83M) | Time:00:00.02 | Mem:0.03M, Peak:0.03M | Scene, ViewLayer | Updating Particle Systems | Copying Particles to device
Fra:1 Mem:14.20M (Peak 27.83M) | Time:00:00.02 | Mem:0.03M, Peak:0.03M | Scene, ViewLayer | Updating Meshes
Fra:1 Mem:16.29M (Peak 27.83M) | Time:00:00.02 | Mem:0.03M, Peak:0.03M | Scene, ViewLayer | Updating Objects | Applying Static Transformations
Fra:1 Mem:16.29M (Peak 27.83M) | Time:00:00.02 | Mem:0.03M, Peak:0.03M | Scene, ViewLayer | Updating Mesh | Computing attributes
Fra:1 Mem:19.01M (Peak 27.83M) | Time:00:00.02 | Mem:0.03M, Peak:0.03M | Scene, ViewLayer | Updating Mesh | Copying Attributes to device
Fra:1 Mem:16.29M (Peak 27.83M) | Time:00:00.07 | Mem:2.76M, Peak:2.76M | Scene, ViewLayer | Updating Geometry BVH light 9/8 | Building BVH
Fra:1 Mem:16.29M (Peak 27.83M) | Time:00:00.07 | Mem:2.76M, Peak:2.76M | Scene, ViewLayer | Updating Geometry BVH Plane.001 4/8 | Building BVH
Fra:1 Mem:16.29M (Peak 27.83M) | Time:00:00.07 | Mem:2.76M, Peak:2.76M | Scene, ViewLayer | Updating Geometry BVH Rim softbox 8/8 | Building BVH
Fra:1 Mem:16.29M (Peak 27.83M) | Time:00:00.07 | Mem:2.76M, Peak:2.76M | Scene, ViewLayer | Updating Geometry BVH Sphere 5/8 | Building BVH
Fra:1 Mem:16.29M (Peak 27.83M) | Time:00:00.07 | Mem:2.76M, Peak:2.76M | Scene, ViewLayer | Updating Geometry BVH Sphere 5/8 | Building mesh BLAS |     300 tris | Cube
Fra:1 Mem:16.29M (Peak 27.83M) | Time:00:00.07 | Mem:2.76M, Peak:2.76M | Scene, ViewLayer | Updating Geometry BVH Sphere 5/8 | Building mesh BLAS |       2 tris | Plane
Fra:1 Mem:16.29M (Peak 27.83M) | Time:00:00.07 | Mem:2.76M, Peak:2.76M | Scene, ViewLayer | Updating Geometry BVH Sphere 5/8 | Building mesh BLAS |   36480 tris | Sphere
Fra:1 Mem:16.29M (Peak 27.83M) | Time:00:00.07 | Mem:2.76M, Peak:2.76M | Scene, ViewLayer | Updating Scene BVH | Building
Fra:1 Mem:16.29M (Peak 27.83M) | Time:00:00.08 | Mem:4.43M, Peak:4.43M | Scene, ViewLayer | Updating Scene BVH | Building TLAS      |       8 instances
Fra:1 Mem:16.29M (Peak 27.83M) | Time:00:00.08 | Mem:4.44M, Peak:4.44M | Scene, ViewLayer | Updating Scene BVH | Copying BVH to device
Fra:1 Mem:16.29M (Peak 27.83M) | Time:00:00.08 | Mem:4.44M, Peak:4.44M | Scene, ViewLayer | Updating Mesh | Computing normals
Fra:1 Mem:17.27M (Peak 27.83M) | Time:00:00.08 | Mem:4.44M, Peak:4.44M | Scene, ViewLayer | Updating Mesh | Copying Mesh to device
Fra:1 Mem:16.29M (Peak 27.83M) | Time:00:00.08 | Mem:5.44M, Peak:5.44M | Scene, ViewLayer | Updating Objects Flags
Fra:1 Mem:16.29M (Peak 27.83M) | Time:00:00.08 | Mem:5.44M, Peak:5.44M | Scene, ViewLayer | Updating Primitive Offsets
Fra:1 Mem:16.29M (Peak 27.83M) | Time:00:00.08 | Mem:5.44M, Peak:5.44M | Scene, ViewLayer | Updating Images
Fra:1 Mem:16.29M (Peak 27.83M) | Time:00:00.08 | Mem:5.44M, Peak:5.44M | Scene, ViewLayer | Updating Images | Loading height.png
Fra:1 Mem:20.29M (Peak 27.83M) | Time:00:00.08 | Mem:5.44M, Peak:5.44M | Scene, ViewLayer | Updating Images | Loading baseColor.png
Fra:1 Mem:24.29M (Peak 27.83M) | Time:00:00.08 | Mem:5.44M, Peak:5.44M | Scene, ViewLayer | Updating Images | Loading normal.png
Fra:1 Mem:28.29M (Peak 28.29M) | Time:00:00.08 | Mem:5.44M, Peak:5.44M | Scene, ViewLayer | Updating Images | Loading roughness.png
Fra:1 Mem:32.30M (Peak 32.30M) | Time:00:00.08 | Mem:21.44M, Peak:21.44M | Scene, ViewLayer | Updating Camera Volume
Fra:1 Mem:32.30M (Peak 32.30M) | Time:00:00.08 | Mem:21.44M, Peak:21.44M | Scene, ViewLayer | Updating Lookup Tables
Fra:1 Mem:32.22M (Peak 32.30M) | Time:00:00.08 | Mem:21.53M, Peak:21.53M | Scene, ViewLayer | Updating Lights
Fra:1 Mem:32.22M (Peak 32.30M) | Time:00:00.08 | Mem:21.53M, Peak:21.53M | Scene, ViewLayer | Updating Lights | Computing tree
Fra:1 Mem:32.22M (Peak 32.30M) | Time:00:00.08 | Mem:21.53M, Peak:21.53M | Scene, ViewLayer | Updating Integrator
Fra:1 Mem:32.22M (Peak 32.30M) | Time:00:00.08 | Mem:21.53M, Peak:21.53M | Scene, ViewLayer | Updating Film
Fra:1 Mem:32.31M (Peak 32.31M) | Time:00:00.08 | Mem:21.44M, Peak:21.53M | Scene, ViewLayer | Updating Lookup Tables
Fra:1 Mem:32.22M (Peak 32.31M) | Time:00:00.08 | Mem:21.53M, Peak:21.53M | Scene, ViewLayer | Updating Baking
Fra:1 Mem:32.22M (Peak 32.31M) | Time:00:00.08 | Mem:21.53M, Peak:21.53M | Scene, ViewLayer | Updating Device | Writing constant memory
Fra:1 Mem:32.22M (Peak 64.22M) | Time:00:00.10 | Mem:2741.54M, Peak:2741.54M | Scene, ViewLayer | Sample 0/512 (Using optimized kernels)
Fra:1 Mem:32.21M (Peak 64.22M) | Time:00:00.21 | Remaining:00:56.50 | Mem:2756.83M, Peak:2756.83M | Scene, ViewLayer | Sample 1/512 (Using optimized kernels)
Fra:1 Mem:32.21M (Peak 64.22M) | Time:00:08.41 | Remaining:00:08.24 | Mem:2756.84M, Peak:2756.84M | Scene, ViewLayer | Sample 257/512 (Using optimized kernels)
Fra:1 Mem:47.47M (Peak 77.99M) | Time:00:16.63 | Mem:2756.84M, Peak:2756.84M | Scene, ViewLayer | Sample 512/512 (Using optimized kernels)
Fra:1 Mem:47.47M (Peak 77.99M) | Time:00:16.63 | Mem:2756.84M, Peak:2756.84M | Scene, ViewLayer | Finished
Saved: '/Users/krapnik/Documents/OpenMixture/tmp/ceramic-pbr-review-512/matte.png'
Time: 00:16.68 (Saving: 00:00.03)

Review images and input evidence written to /Users/krapnik/Documents/OpenMixture/tmp/ceramic-pbr-review-512

Blender quit
