{
  "schemaVersion": 1,
  "input": "input.mix",
  "outputDirectory": "unused",
  "planHash": null,
  "context": null,
  "execution": null,
  "outputs": [],
  "ok": false,
  "diagnostics": [
    {
      "code": "MIX_LIMIT_OUTPUT_DIMENSION_EXCEEDED",
      "stage": "compile",
      "severity": "error",
      "message": "outputDimension limit exceeded: configured 2048, observed 2049",
      "documentPath": "input.mix",
      "evidence": {
        "axis": "width",
        "configured": 2048,
        "limit": "outputDimension",
        "observed": 2049
      },
      "suggestion": "Reduce the request to the configured limit; raise limits only through an explicit caller policy."
    }
  ]
}
