{
  "schemaVersion": 1,
  "input": "malformed.mix",
  "outputDirectory": "unused",
  "planHash": null,
  "context": null,
  "execution": null,
  "outputs": [],
  "ok": false,
  "diagnostics": [
    {
      "code": "MIX_PARSE_INVALID_JSON",
      "stage": "parse",
      "severity": "error",
      "message": "Material input does not conform to .mix v1 JSON.",
      "documentPath": "malformed.mix",
      "evidence": {
        "column": 1,
        "line": 1,
        "sourceMessage": "EOF while parsing an object at line 1 column 1"
      },
      "suggestion": "Use the documented .mix schema; remove duplicate or unknown fields and correct JSON types."
    }
  ]
}
