{
  "schemaVersion": 1,
  "input": "input.mix",
  "outputDirectory": "unused",
  "planHash": "sha256:0d612f096a2c29dfc6e63a46a9f0abc32e5ea93ac23ba88fcb3bfab6ebe43e43",
  "context": {
    "schemaVersion": 1,
    "verdict": "unhealthy",
    "requested": {
      "backend": "none",
      "powerPreference": "high-performance",
      "softwareAdapter": false,
      "effectiveBackends": [],
      "requiredFeatures": [],
      "requiredLimits": {
        "maxTextureDimension1D": 8192,
        "maxTextureDimension2D": 8192,
        "maxTextureDimension3D": 2048,
        "maxTextureArrayLayers": 256,
        "maxBindGroups": 4,
        "maxBindGroupsPlusVertexBuffers": 24,
        "maxBindingsPerBindGroup": 1000,
        "maxDynamicUniformBuffersPerPipelineLayout": 8,
        "maxDynamicStorageBuffersPerPipelineLayout": 4,
        "maxSampledTexturesPerShaderStage": 16,
        "maxSamplersPerShaderStage": 16,
        "maxStorageBuffersPerShaderStage": 8,
        "maxStorageTexturesPerShaderStage": 4,
        "maxUniformBuffersPerShaderStage": 12,
        "maxBindingArrayElementsPerShaderStage": 0,
        "maxBindingArrayAccelerationStructureElementsPerShaderStage": 0,
        "maxBindingArraySamplerElementsPerShaderStage": 0,
        "maxUniformBufferBindingSize": 65536,
        "maxStorageBufferBindingSize": 134217728,
        "maxVertexBuffers": 8,
        "maxBufferSize": 268435456,
        "maxVertexAttributes": 16,
        "maxVertexBufferArrayStride": 2048,
        "maxInterStageShaderVariables": 16,
        "minUniformBufferOffsetAlignment": 256,
        "minStorageBufferOffsetAlignment": 256,
        "maxColorAttachments": 8,
        "maxColorAttachmentBytesPerSample": 32,
        "maxComputeWorkgroupStorageSize": 16384,
        "maxComputeInvocationsPerWorkgroup": 256,
        "maxComputeWorkgroupSizeX": 256,
        "maxComputeWorkgroupSizeY": 256,
        "maxComputeWorkgroupSizeZ": 64,
        "maxComputeWorkgroupsPerDimension": 65535,
        "maxImmediateSize": 0,
        "maxNonSamplerBindings": 1000000,
        "maxTaskWorkgroupTotalCount": 0,
        "maxTaskWorkgroupsPerDimension": 0,
        "maxMeshWorkgroupTotalCount": 0,
        "maxMeshWorkgroupsPerDimension": 0,
        "maxTaskInvocationsPerWorkgroup": 0,
        "maxTaskInvocationsPerDimension": 0,
        "maxMeshInvocationsPerWorkgroup": 0,
        "maxMeshInvocationsPerDimension": 0,
        "maxTaskPayloadSize": 0,
        "maxMeshOutputVertices": 0,
        "maxMeshOutputPrimitives": 0,
        "maxMeshOutputLayers": 0,
        "maxMeshMultiviewViewCount": 0,
        "maxBlasPrimitiveCount": 0,
        "maxBlasGeometryCount": 0,
        "maxTlasInstanceCount": 0,
        "maxAccelerationStructuresPerShaderStage": 0,
        "maxBuffersAndAccelerationStructuresPerShaderStage": 28,
        "maxMultiviewViewCount": 0,
        "maxRayDispatchCount": 0,
        "maxRayRecursionDepth": 0
      }
    },
    "adapter": null,
    "device": null,
    "computeProbe": "notRun",
    "readbackProbe": "notRun",
    "ok": false,
    "diagnostics": [
      {
        "code": "MIX_GPU_ADAPTER_UNAVAILABLE",
        "stage": "gpuAdapter",
        "severity": "error",
        "message": "No compiled GPU backend is permitted by the requested policy.",
        "suggestion": "Select auto or a native backend available on this platform."
      }
    ]
  },
  "execution": null,
  "outputs": [],
  "ok": false,
  "diagnostics": [
    {
      "code": "MIX_GPU_ADAPTER_UNAVAILABLE",
      "stage": "gpuAdapter",
      "severity": "error",
      "message": "No compiled GPU backend is permitted by the requested policy.",
      "documentPath": "input.mix",
      "suggestion": "Select auto or a native backend available on this platform."
    }
  ]
}
