{
  "schemaVersion": 1,
  "plan": null,
  "ok": false,
  "diagnostics": [
    {
      "code": "MIX_PORT_UNKNOWN",
      "stage": "validation",
      "severity": "error",
      "message": "Node has no port with this name and direction.",
      "documentPath": "unknown-port.mix",
      "nodeId": "pattern",
      "portId": "missing",
      "evidence": {
        "direction": "output"
      },
      "suggestion": "Use a named output as the source and a named input as the destination."
    },
    {
      "code": "MIX_PORT_REQUIRED_CONNECTION",
      "stage": "validation",
      "severity": "error",
      "message": "Required input has no valid connection.",
      "documentPath": "unknown-port.mix",
      "nodeId": "surface",
      "portId": "baseColor",
      "suggestion": "Connect one compatible output to this required input."
    }
  ]
}
