   Compiling proc-macro2 v1.0.107
   Compiling serde_core v1.0.229
   Compiling unicode-ident v1.0.24
   Compiling quote v1.0.47
   Compiling serde v1.0.229
   Compiling cfg-if v1.0.4
   Compiling cfg_aliases v0.2.2
   Compiling objc2 v0.6.4
   Compiling objc2-encode v4.1.0
   Compiling foldhash v0.2.0
   Compiling libm v0.2.16
   Compiling equivalent v1.0.2
   Compiling autocfg v1.5.1
   Compiling thiserror v2.0.20
   Compiling libc v0.2.189
   Compiling num-traits v0.2.19
   Compiling zerocopy v0.8.56
   Compiling log v0.4.34
   Compiling rustc-hash v1.1.0
   Compiling block2 v0.6.2
   Compiling naga v30.0.1
   Compiling ash v0.38.0+1.3.281
   Compiling bit-vec v0.9.1
   Compiling unicode-width v0.2.2
   Compiling parking_lot_core v0.9.12
   Compiling codespan-reporting v0.13.1
   Compiling syn v3.0.5
   Compiling syn v2.0.119
   Compiling bit-set v0.10.0
   Compiling serde_derive v1.0.229
   Compiling bitflags v2.13.1
   Compiling thiserror-impl v2.0.20
   Compiling objc2-core-foundation v0.3.2
   Compiling hashbrown v0.17.1
   Compiling zerocopy-derive v0.8.56
   Compiling indexmap v2.14.2
   Compiling objc2-foundation v0.3.2
   Compiling bytemuck_derive v1.12.0
   Compiling objc2-core-graphics v0.3.2
   Compiling spirv v0.4.0+sdk-1.4.341.0
   Compiling libloading v0.8.9
   Compiling typenum v1.20.1
   Compiling bytemuck v1.25.2
   Compiling allocator-api2 v0.2.21
   Compiling objc2-metal v0.3.2
   Compiling once_cell v1.21.4
   Compiling scopeguard v1.2.0
   Compiling static_assertions v1.1.0
   Compiling raw-window-handle v0.6.2
   Compiling lock_api v0.4.14
   Compiling hashbrown v0.16.1
   Compiling hybrid-array v0.4.14
   Compiling wgpu-hal v30.0.1
   Compiling presser v0.3.1
   Compiling ordered-float v5.5.0
   Compiling zmij v1.0.23
   Compiling renderdoc-sys v1.1.0
   Compiling profiling v1.0.18
   Compiling crypto-common v0.2.2
   Compiling block-buffer v0.12.1
   Compiling wgpu-core v30.0.1
   Compiling macro_rules_attribute-proc_macro v0.2.3
   Compiling pastey v0.2.3
   Compiling serde_json v1.0.151
   Compiling litrs v1.0.0
   Compiling macro_rules_attribute v0.2.3
   Compiling document-features v0.2.12
   Compiling naga-types v30.0.1
   Compiling smallvec v1.16.0
   Compiling arrayvec v0.7.8
   Compiling objc2-quartz-core v0.3.2
   Compiling parking_lot v0.12.5
   Compiling raw-window-metal v1.1.0
   Compiling digest v0.11.3
   Compiling cpufeatures v0.3.1
   Compiling wgpu v30.0.1
   Compiling itoa v1.0.18
   Compiling memchr v2.8.3
   Compiling sha2 v0.11.0
   Compiling wgpu-types v30.0.1
   Compiling pollster v0.4.0
   Compiling half v2.7.1
   Compiling mixture-core v0.1.0 (/Users/krapnik/Documents/OpenMixture/crates/mixture-core)
   Compiling gpu-allocator v0.28.0
   Compiling wgpu-naga-bridge v30.0.1
   Compiling wgpu-core-deps-apple v30.0.1
   Compiling mixture-wgpu v0.1.0 (/Users/krapnik/Documents/OpenMixture/crates/mixture-wgpu)
   Compiling mixture-native-consumer v0.0.0 (/Users/krapnik/Documents/OpenMixture/examples/native-consumer)
    Finished `release` profile [optimized] target(s) in 23.77s
