
running 0 tests

test result: ok. 0 passed; 0 failed; 0 ignored; 0 measured; 3 filtered out; finished in 0.00s


running 0 tests

test result: ok. 0 passed; 0 failed; 0 ignored; 0 measured; 2 filtered out; finished in 0.00s


running 0 tests

test result: ok. 0 passed; 0 failed; 0 ignored; 0 measured; 5 filtered out; finished in 0.00s


running 0 tests

test result: ok. 0 passed; 0 failed; 0 ignored; 0 measured; 4 filtered out; finished in 0.00s


running 0 tests

test result: ok. 0 passed; 0 failed; 0 ignored; 0 measured; 5 filtered out; finished in 0.00s


running 1 test
test graph_gpu_cli_examples_png_metadata_hash_slicing_and_write_failure ... ok

test result: ok. 1 passed; 0 failed; 0 ignored; 0 measured; 2 filtered out; finished in 0.63s


running 1 test
test checker_gpu_cli_png_round_trip_skip_mode_and_output_failure ... ok

test result: ok. 1 passed; 0 failed; 0 ignored; 0 measured; 2 filtered out; finished in 0.23s


running 0 tests

test result: ok. 0 passed; 0 failed; 0 ignored; 0 measured; 4 filtered out; finished in 0.00s


running 7 tests
test checker::shader_tests::checker_gpu_shader_pipeline_and_device_failures_preserve_stage ... ok
test executor::allocation_tests::graph_gpu_allocation_accounting_matches_plan_and_releases_aliased_readbacks ... ok
test executor::allocation_tests::graph_gpu_failure_after_readback_releases_resources_without_returning_partial_pixels ... ok
test executor::allocation_tests::image_gpu_partial_readback_failure_releases_uploads_and_allows_retry ... ok
test readback::gpu_tests::readback_gpu_mapping_failure_is_typed_and_does_not_poison_context ... ok
test resources::tests::readback_gpu_copy_failure_releases_staging_allocation_and_preserves_first_error ... ok
test resources::tests::readback_gpu_device_loss_releases_staging_and_keeps_the_mapping_failure ... ok

test result: ok. 7 passed; 0 failed; 0 ignored; 0 measured; 20 filtered out; finished in 0.51s


running 1 test
test checker_gpu_odd_dimensions_row_padding_repeated_render_and_drop ... ok

test result: ok. 1 passed; 0 failed; 0 ignored; 0 measured; 0 filtered out; finished in 0.17s


running 1 test
test context_gpu_smoke_owns_independent_contexts ... ok

test result: ok. 1 passed; 0 failed; 0 ignored; 0 measured; 1 filtered out; finished in 0.09s


running 21 tests
test graph_gpu_cache_is_bounded_across_all_kernels_and_request_changes ... FAILED
test graph_gpu_device_limits_fail_before_allocating_and_context_remains_usable ... ok
test graph_gpu_device_loss_with_cold_cache_is_typed ... ok
test graph_gpu_device_loss_with_warm_cache_is_typed ... ok
test graph_gpu_slicing_cache_reuse_clear_and_output_ownership ... ok
test node_blend_gpu ... ok
test node_brick_pattern_gpu ... ok
test node_checker_gpu ... ok
test node_constant_color_gpu ... ok
test node_constant_scalar_gpu ... ok
test node_fractal_noise_gpu ... ok
test node_gradient_map_gpu ... ok
test node_height_to_normal_gpu ... ok
test node_image_input_gpu ... ok
test node_levels_gpu ... ok
test node_material_output_gpu ... ok
test node_scalar_blend_gpu ... ok
test node_scalar_mask_blend_gpu ... ok
test node_scalar_morphology_gpu ... ok
test node_transform_2d_gpu ... ok
test node_warp_gpu ... ok

failures:

failures:
    graph_gpu_cache_is_bounded_across_all_kernels_and_request_changes

test result: FAILED. 20 passed; 1 failed; 0 ignored; 0 measured; 1 filtered out; finished in 76.66s

