   Compiling mixture-wgpu v0.1.0 (/Users/krapnik/Documents/OpenMixture/crates/mixture-wgpu)
    Finished `test` profile [unoptimized + debuginfo] target(s) in 1.26s
     Running unittests src/lib.rs (target/debug/deps/mixture_wgpu-aa96692948488a98)

running 1 test
device-loss mapping cleanup: {"code":"MIX_READBACK_FAILED","stage":"readback","severity":"error","message":"Readback mapping failed.","evidence":{"adapterName":"Apple M5","allocationCumulativeBytes":1536,"allocationLiveBytes":0,"allocationPeakBytes":1536,"allocationReleasedBytes":1536,"allocationStagingCount":1,"allocationTextureCount":0,"allocationUniformCount":0,"backend":"Metal","cleanupCode":"MIX_READBACK_FAILED","cleanupDriverMessage":"Validation Error\n\nCaused by:\n  In Buffer::buffer_unmap\n    Buffer with 'staging before device destruction' label has been destroyed\n","cleanupMessage":"Could not unmap the texture readback buffer.","deviceLost":true,"deviceLostMessage":"","deviceLostReason":"destroyed","driverMessage":"Error occurred when trying to async map a buffer"},"suggestion":"Inspect the readback layout and driver evidence; rerun doctor on the same adapter."}
test resources::tests::readback_gpu_device_loss_releases_staging_and_keeps_the_mapping_failure ... ok

test result: ok. 1 passed; 0 failed; 0 ignored; 0 measured; 21 filtered out; finished in 0.30s

     Running tests/checker.rs (target/debug/deps/checker-d0939dd4050360cd)

running 0 tests

test result: ok. 0 passed; 0 failed; 0 ignored; 0 measured; 1 filtered out; finished in 0.00s

     Running tests/context.rs (target/debug/deps/context-1f2c47fd7285497a)

running 0 tests

test result: ok. 0 passed; 0 failed; 0 ignored; 0 measured; 2 filtered out; finished in 0.00s

     Running tests/nodes.rs (target/debug/deps/nodes-3ac114c658e85271)

running 2 tests
destroyed device, warmCache=false: {"code":"MIX_GPU_DEVICE_LOST","stage":"gpuExecution","severity":"error","message":"The GPU context received a device-loss notification.","evidence":{"adapterName":"Apple M5","allocationCumulativeBytes":0,"allocationLiveBytes":0,"allocationPeakBytes":0,"allocationReleasedBytes":0,"allocationStagingCount":0,"allocationTextureCount":0,"allocationUniformCount":0,"backend":"Metal","deviceLost":true,"deviceLostMessage":"","deviceLostReason":"destroyed","failureReason":"deviceLost","planHash":"sha256:c30ffceec901912f94a5fe14534ec5ad0762afd74e75465b2e43ae2c3f4ca60d"},"suggestion":"Stop using this context. The application may explicitly acquire a new context; Mixture does not retry or recover automatically."}
destroyed device, warmCache=true: {"code":"MIX_GPU_DEVICE_LOST","stage":"gpuExecution","severity":"error","message":"The GPU context received a device-loss notification.","evidence":{"adapterName":"Apple M5","allocationCumulativeBytes":0,"allocationLiveBytes":0,"allocationPeakBytes":0,"allocationReleasedBytes":0,"allocationStagingCount":0,"allocationTextureCount":0,"allocationUniformCount":0,"backend":"Metal","deviceLost":true,"deviceLostMessage":"","deviceLostReason":"destroyed","failureReason":"deviceLost","planHash":"sha256:c30ffceec901912f94a5fe14534ec5ad0762afd74e75465b2e43ae2c3f4ca60d"},"suggestion":"Stop using this context. The application may explicitly acquire a new context; Mixture does not retry or recover automatically."}
test graph_gpu_device_loss_with_cold_cache_is_typed ... ok
test graph_gpu_device_loss_with_warm_cache_is_typed ... ok

test result: ok. 2 passed; 0 failed; 0 ignored; 0 measured; 14 filtered out; finished in 0.30s

