{
  "schemaVersion": 1,
  "plan": null,
  "ok": false,
  "diagnostics": [
    {
      "code": "MIX_PARAMETER_INVALID_VALUE",
      "stage": "compile",
      "severity": "error",
      "message": "Override does not satisfy the target parameter's type, range, or enum contract.",
      "documentPath": "input.mix",
      "nodeId": "pattern",
      "parameterId": "cellsX",
      "evidence": {
        "expected": "Integer { min: 1, max: 1024 }",
        "observed": "0",
        "publicId": "repeat"
      },
      "suggestion": "Use the exact JSON type and range declared by the exposed target parameter."
    }
  ]
}
