mixture-wgpu-0.1.0/.cargo_vcs_info.json
mixture-wgpu-0.1.0/Cargo.toml
mixture-wgpu-0.1.0/Cargo.toml.orig
mixture-wgpu-0.1.0/LICENSE-APACHE
mixture-wgpu-0.1.0/LICENSE-MIT
mixture-wgpu-0.1.0/README.md
mixture-wgpu-0.1.0/README.zh-CN.md
mixture-wgpu-0.1.0/shaders/nodes/blend.wgsl
mixture-wgpu-0.1.0/shaders/nodes/checker.wgsl
mixture-wgpu-0.1.0/shaders/nodes/constant.wgsl
mixture-wgpu-0.1.0/shaders/nodes/fractal-noise.wgsl
mixture-wgpu-0.1.0/shaders/nodes/gradient-map.wgsl
mixture-wgpu-0.1.0/shaders/nodes/height-to-normal.wgsl
mixture-wgpu-0.1.0/shaders/nodes/levels.wgsl
mixture-wgpu-0.1.0/shaders/nodes/transform-2d.wgsl
mixture-wgpu-0.1.0/shaders/nodes/warp.wgsl
mixture-wgpu-0.1.0/src/allocations.rs
mixture-wgpu-0.1.0/src/checker.rs
mixture-wgpu-0.1.0/src/context.rs
mixture-wgpu-0.1.0/src/diagnostics.rs
mixture-wgpu-0.1.0/src/executor.rs
mixture-wgpu-0.1.0/src/kernels.rs
mixture-wgpu-0.1.0/src/lib.rs
mixture-wgpu-0.1.0/src/operation.rs
mixture-wgpu-0.1.0/src/readback.rs
mixture-wgpu-0.1.0/src/resources.rs
mixture-wgpu-0.1.0/src/testdata/constant-scalar.mix
mixture-wgpu-0.1.0/src/testdata/transform-2d.mix
mixture-wgpu-0.1.0/src/testdata/warp.mix
