Blender 4.5.13 LTS (hash daeeeca98fb0 built 2026-08-25 01:30:50)
Fra:1 Mem:10.78M (Peak 27.33M) | Time:00:00.00 | Mem:0.02M, Peak:0.02M | Scene, ViewLayer | Synchronizing object | Studio floor
Fra:1 Mem:10.78M (Peak 27.33M) | Time:00:00.00 | Mem:0.02M, Peak:0.02M | Scene, ViewLayer | Synchronizing object | Rim softbox
Fra:1 Mem:14.39M (Peak 27.33M) | Time:00:00.00 | Mem:0.02M, Peak:0.02M | Scene, ViewLayer | Initializing
Fra:1 Mem:13.95M (Peak 27.33M) | Time:00:00.00 | Mem:0.02M, Peak:0.02M | Scene, ViewLayer | Waiting for render to start
Fra:1 Mem:13.95M (Peak 27.33M) | Time:00:00.00 | Mem:0.02M, Peak:0.02M | Scene, ViewLayer | Updating Scene
Fra:1 Mem:13.95M (Peak 27.33M) | Time:00:00.00 | Mem:0.02M, Peak:0.02M | Scene, ViewLayer | Updating Shaders
Fra:1 Mem:13.95M (Peak 27.33M) | Time:00:00.00 | Mem:0.02M, Peak:0.02M | Scene, ViewLayer | Loading render kernels (may take a few minutes the first time)
Fra:1 Mem:14.03M (Peak 27.33M) | Time:00:00.02 | Mem:0.03M, Peak:0.03M | Scene, ViewLayer | Updating Procedurals
Fra:1 Mem:14.03M (Peak 27.33M) | Time:00:00.02 | Mem:0.03M, Peak:0.03M | Scene, ViewLayer | Updating Background
Fra:1 Mem:14.03M (Peak 27.33M) | Time:00:00.02 | Mem:0.03M, Peak:0.03M | Scene, ViewLayer | Updating Camera
Fra:1 Mem:14.03M (Peak 27.33M) | Time:00:00.02 | Mem:0.03M, Peak:0.03M | Scene, ViewLayer | Updating Meshes Flags
Fra:1 Mem:14.03M (Peak 27.33M) | Time:00:00.02 | Mem:0.03M, Peak:0.03M | Scene, ViewLayer | Updating Objects
Fra:1 Mem:14.03M (Peak 27.33M) | Time:00:00.02 | Mem:0.03M, Peak:0.03M | Scene, ViewLayer | Updating Objects | Copying Transformations to device
Fra:1 Mem:14.03M (Peak 27.33M) | Time:00:00.02 | Mem:0.03M, Peak:0.03M | Scene, ViewLayer | Updating Particle Systems
Fra:1 Mem:14.03M (Peak 27.33M) | Time:00:00.02 | Mem:0.03M, Peak:0.03M | Scene, ViewLayer | Updating Particle Systems | Copying Particles to device
Fra:1 Mem:14.03M (Peak 27.33M) | Time:00:00.02 | Mem:0.03M, Peak:0.03M | Scene, ViewLayer | Updating Meshes
Fra:1 Mem:16.12M (Peak 27.33M) | Time:00:00.02 | Mem:0.03M, Peak:0.03M | Scene, ViewLayer | Updating Objects | Applying Static Transformations
Fra:1 Mem:16.12M (Peak 27.33M) | Time:00:00.02 | Mem:0.03M, Peak:0.03M | Scene, ViewLayer | Updating Mesh | Computing attributes
Fra:1 Mem:18.83M (Peak 27.33M) | Time:00:00.02 | Mem:0.03M, Peak:0.03M | Scene, ViewLayer | Updating Mesh | Copying Attributes to device
Fra:1 Mem:16.12M (Peak 27.33M) | Time:00:00.07 | Mem:2.76M, Peak:2.76M | Scene, ViewLayer | Updating Geometry BVH light 9/8 | Building BVH
Fra:1 Mem:16.12M (Peak 27.33M) | Time:00:00.07 | Mem:2.76M, Peak:2.76M | Scene, ViewLayer | Updating Geometry BVH Cube 3/8 | Building BVH
Fra:1 Mem:16.12M (Peak 27.33M) | Time:00:00.07 | Mem:2.76M, Peak:2.76M | Scene, ViewLayer | Updating Geometry BVH Key softbox 6/8 | Building BVH
Fra:1 Mem:16.12M (Peak 27.33M) | Time:00:00.07 | Mem:2.76M, Peak:2.76M | Scene, ViewLayer | Updating Geometry BVH Narrow reflection card 7/8 | Building BVH
Fra:1 Mem:16.12M (Peak 27.33M) | Time:00:00.07 | Mem:2.76M, Peak:2.76M | Scene, ViewLayer | Updating Geometry BVH Sphere 5/8 | Building BVH
Fra:1 Mem:16.12M (Peak 27.33M) | Time:00:00.07 | Mem:2.76M, Peak:2.76M | Scene, ViewLayer | Updating Geometry BVH Sphere 5/8 | Building mesh BLAS |       2 tris | Plane
Fra:1 Mem:16.12M (Peak 27.33M) | Time:00:00.07 | Mem:2.76M, Peak:2.76M | Scene, ViewLayer | Updating Geometry BVH Sphere 5/8 | Building mesh BLAS |       2 tris | Plane.001
Fra:1 Mem:16.12M (Peak 27.33M) | Time:00:00.07 | Mem:2.76M, Peak:2.76M | Scene, ViewLayer | Updating Geometry BVH Sphere 5/8 | Building mesh BLAS |   36480 tris | Sphere
Fra:1 Mem:16.12M (Peak 27.33M) | Time:00:00.07 | Mem:2.76M, Peak:2.76M | Scene, ViewLayer | Updating Scene BVH | Building
Fra:1 Mem:16.12M (Peak 27.33M) | Time:00:00.08 | Mem:4.43M, Peak:4.43M | Scene, ViewLayer | Updating Scene BVH | Building TLAS      |       8 instances
Fra:1 Mem:16.12M (Peak 27.33M) | Time:00:00.08 | Mem:4.44M, Peak:4.44M | Scene, ViewLayer | Updating Scene BVH | Copying BVH to device
Fra:1 Mem:16.12M (Peak 27.33M) | Time:00:00.08 | Mem:4.44M, Peak:4.44M | Scene, ViewLayer | Updating Mesh | Computing normals
Fra:1 Mem:17.10M (Peak 27.33M) | Time:00:00.08 | Mem:4.44M, Peak:4.44M | Scene, ViewLayer | Updating Mesh | Copying Mesh to device
Fra:1 Mem:16.12M (Peak 27.33M) | Time:00:00.08 | Mem:5.44M, Peak:5.44M | Scene, ViewLayer | Updating Objects Flags
Fra:1 Mem:16.12M (Peak 27.33M) | Time:00:00.08 | Mem:5.44M, Peak:5.44M | Scene, ViewLayer | Updating Primitive Offsets
Fra:1 Mem:16.12M (Peak 27.33M) | Time:00:00.08 | Mem:5.44M, Peak:5.44M | Scene, ViewLayer | Updating Images
Fra:1 Mem:16.12M (Peak 27.33M) | Time:00:00.08 | Mem:5.44M, Peak:5.44M | Scene, ViewLayer | Updating Images | Loading normal.png
Fra:1 Mem:20.12M (Peak 27.33M) | Time:00:00.08 | Mem:5.44M, Peak:5.44M | Scene, ViewLayer | Updating Images | Loading baseColor.png
Fra:1 Mem:24.12M (Peak 27.33M) | Time:00:00.08 | Mem:5.44M, Peak:5.44M | Scene, ViewLayer | Updating Images | Loading roughness.png
Fra:1 Mem:28.13M (Peak 28.13M) | Time:00:00.10 | Mem:17.44M, Peak:17.44M | Scene, ViewLayer | Updating Camera Volume
Fra:1 Mem:28.13M (Peak 28.13M) | Time:00:00.10 | Mem:17.44M, Peak:17.44M | Scene, ViewLayer | Updating Lookup Tables
Fra:1 Mem:28.05M (Peak 28.13M) | Time:00:00.10 | Mem:17.53M, Peak:17.53M | Scene, ViewLayer | Updating Lights
Fra:1 Mem:28.05M (Peak 28.13M) | Time:00:00.10 | Mem:17.53M, Peak:17.53M | Scene, ViewLayer | Updating Lights | Computing tree
Fra:1 Mem:28.05M (Peak 28.13M) | Time:00:00.10 | Mem:17.53M, Peak:17.53M | Scene, ViewLayer | Updating Integrator
Fra:1 Mem:28.05M (Peak 28.13M) | Time:00:00.10 | Mem:17.53M, Peak:17.53M | Scene, ViewLayer | Updating Film
Fra:1 Mem:28.13M (Peak 28.13M) | Time:00:00.10 | Mem:17.44M, Peak:17.53M | Scene, ViewLayer | Updating Lookup Tables
Fra:1 Mem:28.05M (Peak 28.13M) | Time:00:00.10 | Mem:17.53M, Peak:17.53M | Scene, ViewLayer | Updating Baking
Fra:1 Mem:28.05M (Peak 28.13M) | Time:00:00.10 | Mem:17.53M, Peak:17.53M | Scene, ViewLayer | Updating Device | Writing constant memory
Fra:1 Mem:28.05M (Peak 60.05M) | Time:00:00.12 | Mem:2737.54M, Peak:2737.54M | Scene, ViewLayer | Sample 0/512 (Using optimized kernels)
Fra:1 Mem:28.04M (Peak 60.05M) | Time:00:00.25 | Remaining:01:03.44 | Mem:2752.83M, Peak:2752.83M | Scene, ViewLayer | Sample 1/512 (2 kernels to optimize)
Fra:1 Mem:28.04M (Peak 60.05M) | Time:00:07.44 | Remaining:00:07.26 | Mem:2752.84M, Peak:2752.84M | Scene, ViewLayer | Sample 257/512 (1 kernels to optimize)
Fra:1 Mem:43.30M (Peak 73.82M) | Time:00:13.19 | Mem:2752.84M, Peak:2752.84M | Scene, ViewLayer | Sample 512/512 (Using optimized kernels)
Fra:1 Mem:43.30M (Peak 73.82M) | Time:00:13.19 | Mem:2752.84M, Peak:2752.84M | Scene, ViewLayer | Finished
Saved: '/Users/krapnik/Documents/OpenMixture/tmp/leather-pbr-final/detail-min.png'
Time: 00:13.28 (Saving: 00:00.07)

Fra:1 Mem:12.18M (Peak 27.72M) | Time:00:00.00 | Mem:0.02M, Peak:0.02M | Scene, ViewLayer | Synchronizing object | Studio floor
Fra:1 Mem:12.18M (Peak 27.72M) | Time:00:00.00 | Mem:0.02M, Peak:0.02M | Scene, ViewLayer | Synchronizing object | Narrow reflection card
Fra:1 Mem:14.46M (Peak 27.72M) | Time:00:00.00 | Mem:0.02M, Peak:0.02M | Scene, ViewLayer | Initializing
Fra:1 Mem:14.02M (Peak 27.72M) | Time:00:00.00 | Mem:0.02M, Peak:0.02M | Scene, ViewLayer | Waiting for render to start
Fra:1 Mem:14.02M (Peak 27.72M) | Time:00:00.00 | Mem:0.02M, Peak:0.02M | Scene, ViewLayer | Updating Scene
Fra:1 Mem:14.02M (Peak 27.72M) | Time:00:00.00 | Mem:0.02M, Peak:0.02M | Scene, ViewLayer | Updating Shaders
Fra:1 Mem:14.02M (Peak 27.72M) | Time:00:00.00 | Mem:0.02M, Peak:0.02M | Scene, ViewLayer | Loading render kernels (may take a few minutes the first time)
Fra:1 Mem:14.10M (Peak 27.72M) | Time:00:00.02 | Mem:0.03M, Peak:0.03M | Scene, ViewLayer | Updating Procedurals
Fra:1 Mem:14.10M (Peak 27.72M) | Time:00:00.02 | Mem:0.03M, Peak:0.03M | Scene, ViewLayer | Updating Background
Fra:1 Mem:14.10M (Peak 27.72M) | Time:00:00.02 | Mem:0.03M, Peak:0.03M | Scene, ViewLayer | Updating Camera
Fra:1 Mem:14.10M (Peak 27.72M) | Time:00:00.02 | Mem:0.03M, Peak:0.03M | Scene, ViewLayer | Updating Meshes Flags
Fra:1 Mem:14.10M (Peak 27.72M) | Time:00:00.02 | Mem:0.03M, Peak:0.03M | Scene, ViewLayer | Updating Objects
Fra:1 Mem:14.10M (Peak 27.72M) | Time:00:00.02 | Mem:0.03M, Peak:0.03M | Scene, ViewLayer | Updating Objects | Copying Transformations to device
Fra:1 Mem:14.10M (Peak 27.72M) | Time:00:00.02 | Mem:0.03M, Peak:0.03M | Scene, ViewLayer | Updating Particle Systems
Fra:1 Mem:14.10M (Peak 27.72M) | Time:00:00.02 | Mem:0.03M, Peak:0.03M | Scene, ViewLayer | Updating Particle Systems | Copying Particles to device
Fra:1 Mem:14.10M (Peak 27.72M) | Time:00:00.02 | Mem:0.03M, Peak:0.03M | Scene, ViewLayer | Updating Meshes
Fra:1 Mem:16.19M (Peak 27.72M) | Time:00:00.02 | Mem:0.03M, Peak:0.03M | Scene, ViewLayer | Updating Objects | Applying Static Transformations
Fra:1 Mem:16.19M (Peak 27.72M) | Time:00:00.02 | Mem:0.03M, Peak:0.03M | Scene, ViewLayer | Updating Mesh | Computing attributes
Fra:1 Mem:18.91M (Peak 27.72M) | Time:00:00.02 | Mem:0.03M, Peak:0.03M | Scene, ViewLayer | Updating Mesh | Copying Attributes to device
Fra:1 Mem:16.19M (Peak 27.72M) | Time:00:00.06 | Mem:2.76M, Peak:2.76M | Scene, ViewLayer | Updating Geometry BVH light 9/8 | Building BVH
Fra:1 Mem:16.19M (Peak 27.72M) | Time:00:00.06 | Mem:2.76M, Peak:2.76M | Scene, ViewLayer | Updating Geometry BVH Rim softbox 8/8 | Building BVH
Fra:1 Mem:16.19M (Peak 27.72M) | Time:00:00.06 | Mem:2.76M, Peak:2.76M | Scene, ViewLayer | Updating Geometry BVH Narrow reflection card 7/8 | Building BVH
Fra:1 Mem:16.19M (Peak 27.72M) | Time:00:00.06 | Mem:2.76M, Peak:2.76M | Scene, ViewLayer | Updating Geometry BVH Plane.001 4/8 | Building BVH
Fra:1 Mem:16.19M (Peak 27.72M) | Time:00:00.06 | Mem:2.76M, Peak:2.76M | Scene, ViewLayer | Updating Geometry BVH Sphere 5/8 | Building BVH
Fra:1 Mem:16.19M (Peak 27.72M) | Time:00:00.06 | Mem:2.76M, Peak:2.76M | Scene, ViewLayer | Updating Geometry BVH Sphere 5/8 | Building mesh BLAS |       2 tris | Plane.001
Fra:1 Mem:16.19M (Peak 27.72M) | Time:00:00.06 | Mem:2.76M, Peak:2.76M | Scene, ViewLayer | Updating Geometry BVH Sphere 5/8 | Building mesh BLAS |       2 tris | Plane
Fra:1 Mem:16.19M (Peak 27.72M) | Time:00:00.06 | Mem:2.76M, Peak:2.76M | Scene, ViewLayer | Updating Geometry BVH Sphere 5/8 | Building mesh BLAS |     300 tris | Cube
Fra:1 Mem:16.19M (Peak 27.72M) | Time:00:00.06 | Mem:2.76M, Peak:2.76M | Scene, ViewLayer | Updating Geometry BVH Sphere 5/8 | Building mesh BLAS |   36480 tris | Sphere
Fra:1 Mem:16.19M (Peak 27.72M) | Time:00:00.07 | Mem:2.76M, Peak:2.76M | Scene, ViewLayer | Updating Scene BVH | Building
Fra:1 Mem:16.19M (Peak 27.72M) | Time:00:00.08 | Mem:4.43M, Peak:4.43M | Scene, ViewLayer | Updating Scene BVH | Building TLAS      |       8 instances
Fra:1 Mem:16.19M (Peak 27.72M) | Time:00:00.08 | Mem:4.44M, Peak:4.44M | Scene, ViewLayer | Updating Scene BVH | Copying BVH to device
Fra:1 Mem:16.19M (Peak 27.72M) | Time:00:00.08 | Mem:4.44M, Peak:4.44M | Scene, ViewLayer | Updating Mesh | Computing normals
Fra:1 Mem:17.17M (Peak 27.72M) | Time:00:00.08 | Mem:4.44M, Peak:4.44M | Scene, ViewLayer | Updating Mesh | Copying Mesh to device
Fra:1 Mem:16.19M (Peak 27.72M) | Time:00:00.08 | Mem:5.44M, Peak:5.44M | Scene, ViewLayer | Updating Objects Flags
Fra:1 Mem:16.19M (Peak 27.72M) | Time:00:00.08 | Mem:5.44M, Peak:5.44M | Scene, ViewLayer | Updating Primitive Offsets
Fra:1 Mem:16.19M (Peak 27.72M) | Time:00:00.08 | Mem:5.44M, Peak:5.44M | Scene, ViewLayer | Updating Images
Fra:1 Mem:16.19M (Peak 27.72M) | Time:00:00.08 | Mem:5.44M, Peak:5.44M | Scene, ViewLayer | Updating Images | Loading normal.png
Fra:1 Mem:20.19M (Peak 27.72M) | Time:00:00.08 | Mem:5.44M, Peak:5.44M | Scene, ViewLayer | Updating Images | Loading baseColor.png
Fra:1 Mem:24.19M (Peak 27.72M) | Time:00:00.08 | Mem:5.44M, Peak:5.44M | Scene, ViewLayer | Updating Images | Loading roughness.png
Fra:1 Mem:28.20M (Peak 28.20M) | Time:00:00.10 | Mem:17.44M, Peak:17.44M | Scene, ViewLayer | Updating Camera Volume
Fra:1 Mem:28.20M (Peak 28.20M) | Time:00:00.10 | Mem:17.44M, Peak:17.44M | Scene, ViewLayer | Updating Lookup Tables
Fra:1 Mem:28.12M (Peak 28.20M) | Time:00:00.10 | Mem:17.53M, Peak:17.53M | Scene, ViewLayer | Updating Lights
Fra:1 Mem:28.12M (Peak 28.20M) | Time:00:00.10 | Mem:17.53M, Peak:17.53M | Scene, ViewLayer | Updating Lights | Computing tree
Fra:1 Mem:28.12M (Peak 28.20M) | Time:00:00.10 | Mem:17.53M, Peak:17.53M | Scene, ViewLayer | Updating Integrator
Fra:1 Mem:28.12M (Peak 28.20M) | Time:00:00.10 | Mem:17.53M, Peak:17.53M | Scene, ViewLayer | Updating Film
Fra:1 Mem:28.21M (Peak 28.21M) | Time:00:00.10 | Mem:17.44M, Peak:17.53M | Scene, ViewLayer | Updating Lookup Tables
Fra:1 Mem:28.12M (Peak 28.21M) | Time:00:00.10 | Mem:17.53M, Peak:17.53M | Scene, ViewLayer | Updating Baking
Fra:1 Mem:28.12M (Peak 28.21M) | Time:00:00.10 | Mem:17.53M, Peak:17.53M | Scene, ViewLayer | Updating Device | Writing constant memory
Fra:1 Mem:28.12M (Peak 60.12M) | Time:00:00.12 | Mem:2737.54M, Peak:2737.54M | Scene, ViewLayer | Sample 0/512 (Using optimized kernels)
Fra:1 Mem:28.11M (Peak 60.12M) | Time:00:00.21 | Remaining:00:45.41 | Mem:2752.83M, Peak:2752.83M | Scene, ViewLayer | Sample 1/512 (Using optimized kernels)
Fra:1 Mem:28.11M (Peak 60.12M) | Time:00:05.65 | Remaining:00:05.48 | Mem:2752.84M, Peak:2752.84M | Scene, ViewLayer | Sample 257/512 (Using optimized kernels)
Fra:1 Mem:43.37M (Peak 73.89M) | Time:00:11.08 | Mem:2752.84M, Peak:2752.84M | Scene, ViewLayer | Sample 512/512 (Using optimized kernels)
Fra:1 Mem:43.37M (Peak 73.89M) | Time:00:11.08 | Mem:2752.84M, Peak:2752.84M | Scene, ViewLayer | Finished
Saved: '/Users/krapnik/Documents/OpenMixture/tmp/leather-pbr-final/default.png'
Time: 00:11.13 (Saving: 00:00.04)

Fra:1 Mem:12.25M (Peak 27.80M) | Time:00:00.00 | Mem:0.02M, Peak:0.02M | Scene, ViewLayer | Synchronizing object | Studio floor
Fra:1 Mem:12.25M (Peak 27.80M) | Time:00:00.00 | Mem:0.02M, Peak:0.02M | Scene, ViewLayer | Synchronizing object | Narrow reflection card
Fra:1 Mem:14.54M (Peak 27.80M) | Time:00:00.00 | Mem:0.02M, Peak:0.02M | Scene, ViewLayer | Initializing
Fra:1 Mem:14.09M (Peak 27.80M) | Time:00:00.00 | Mem:0.02M, Peak:0.02M | Scene, ViewLayer | Waiting for render to start
Fra:1 Mem:14.09M (Peak 27.80M) | Time:00:00.00 | Mem:0.02M, Peak:0.02M | Scene, ViewLayer | Updating Scene
Fra:1 Mem:14.09M (Peak 27.80M) | Time:00:00.00 | Mem:0.02M, Peak:0.02M | Scene, ViewLayer | Updating Shaders
Fra:1 Mem:14.09M (Peak 27.80M) | Time:00:00.00 | Mem:0.02M, Peak:0.02M | Scene, ViewLayer | Loading render kernels (may take a few minutes the first time)
Fra:1 Mem:14.17M (Peak 27.80M) | Time:00:00.02 | Mem:0.03M, Peak:0.03M | Scene, ViewLayer | Updating Procedurals
Fra:1 Mem:14.17M (Peak 27.80M) | Time:00:00.02 | Mem:0.03M, Peak:0.03M | Scene, ViewLayer | Updating Background
Fra:1 Mem:14.17M (Peak 27.80M) | Time:00:00.02 | Mem:0.03M, Peak:0.03M | Scene, ViewLayer | Updating Camera
Fra:1 Mem:14.17M (Peak 27.80M) | Time:00:00.02 | Mem:0.03M, Peak:0.03M | Scene, ViewLayer | Updating Meshes Flags
Fra:1 Mem:14.17M (Peak 27.80M) | Time:00:00.02 | Mem:0.03M, Peak:0.03M | Scene, ViewLayer | Updating Objects
Fra:1 Mem:14.17M (Peak 27.80M) | Time:00:00.02 | Mem:0.03M, Peak:0.03M | Scene, ViewLayer | Updating Objects | Copying Transformations to device
Fra:1 Mem:14.17M (Peak 27.80M) | Time:00:00.02 | Mem:0.03M, Peak:0.03M | Scene, ViewLayer | Updating Particle Systems
Fra:1 Mem:14.17M (Peak 27.80M) | Time:00:00.02 | Mem:0.03M, Peak:0.03M | Scene, ViewLayer | Updating Particle Systems | Copying Particles to device
Fra:1 Mem:14.17M (Peak 27.80M) | Time:00:00.02 | Mem:0.03M, Peak:0.03M | Scene, ViewLayer | Updating Meshes
Fra:1 Mem:16.26M (Peak 27.80M) | Time:00:00.02 | Mem:0.03M, Peak:0.03M | Scene, ViewLayer | Updating Objects | Applying Static Transformations
Fra:1 Mem:16.26M (Peak 27.80M) | Time:00:00.02 | Mem:0.03M, Peak:0.03M | Scene, ViewLayer | Updating Mesh | Computing attributes
Fra:1 Mem:18.98M (Peak 27.80M) | Time:00:00.02 | Mem:0.03M, Peak:0.03M | Scene, ViewLayer | Updating Mesh | Copying Attributes to device
Fra:1 Mem:16.26M (Peak 27.80M) | Time:00:00.07 | Mem:2.76M, Peak:2.76M | Scene, ViewLayer | Updating Geometry BVH light 9/8 | Building BVH
Fra:1 Mem:16.26M (Peak 27.80M) | Time:00:00.07 | Mem:2.76M, Peak:2.76M | Scene, ViewLayer | Updating Geometry BVH Sphere 5/8 | Building BVH
Fra:1 Mem:16.26M (Peak 27.80M) | Time:00:00.07 | Mem:2.76M, Peak:2.76M | Scene, ViewLayer | Updating Geometry BVH Sphere 5/8 | Building mesh BLAS |       2 tris | Plane
Fra:1 Mem:16.26M (Peak 27.80M) | Time:00:00.07 | Mem:2.76M, Peak:2.76M | Scene, ViewLayer | Updating Geometry BVH Sphere 5/8 | Building mesh BLAS |       2 tris | Plane.001
Fra:1 Mem:16.26M (Peak 27.80M) | Time:00:00.07 | Mem:2.76M, Peak:2.76M | Scene, ViewLayer | Updating Geometry BVH Sphere 5/8 | Building mesh BLAS |     300 tris | Cube
Fra:1 Mem:16.26M (Peak 27.80M) | Time:00:00.07 | Mem:2.76M, Peak:2.76M | Scene, ViewLayer | Updating Geometry BVH Sphere 5/8 | Building mesh BLAS |   36480 tris | Sphere
Fra:1 Mem:16.26M (Peak 27.80M) | Time:00:00.07 | Mem:2.76M, Peak:2.76M | Scene, ViewLayer | Updating Scene BVH | Building
Fra:1 Mem:16.26M (Peak 27.80M) | Time:00:00.08 | Mem:4.43M, Peak:4.43M | Scene, ViewLayer | Updating Scene BVH | Building TLAS      |       8 instances
Fra:1 Mem:16.26M (Peak 27.80M) | Time:00:00.08 | Mem:4.44M, Peak:4.44M | Scene, ViewLayer | Updating Scene BVH | Copying BVH to device
Fra:1 Mem:16.26M (Peak 27.80M) | Time:00:00.08 | Mem:4.44M, Peak:4.44M | Scene, ViewLayer | Updating Mesh | Computing normals
Fra:1 Mem:17.24M (Peak 27.80M) | Time:00:00.08 | Mem:4.44M, Peak:4.44M | Scene, ViewLayer | Updating Mesh | Copying Mesh to device
Fra:1 Mem:16.26M (Peak 27.80M) | Time:00:00.08 | Mem:5.44M, Peak:5.44M | Scene, ViewLayer | Updating Objects Flags
Fra:1 Mem:16.26M (Peak 27.80M) | Time:00:00.08 | Mem:5.44M, Peak:5.44M | Scene, ViewLayer | Updating Primitive Offsets
Fra:1 Mem:16.26M (Peak 27.80M) | Time:00:00.08 | Mem:5.44M, Peak:5.44M | Scene, ViewLayer | Updating Images
Fra:1 Mem:16.26M (Peak 27.80M) | Time:00:00.08 | Mem:5.44M, Peak:5.44M | Scene, ViewLayer | Updating Images | Loading normal.png
Fra:1 Mem:20.26M (Peak 27.80M) | Time:00:00.08 | Mem:5.44M, Peak:5.44M | Scene, ViewLayer | Updating Images | Loading baseColor.png
Fra:1 Mem:24.26M (Peak 27.80M) | Time:00:00.08 | Mem:5.44M, Peak:5.44M | Scene, ViewLayer | Updating Images | Loading roughness.png
Fra:1 Mem:28.27M (Peak 28.27M) | Time:00:00.10 | Mem:17.44M, Peak:17.44M | Scene, ViewLayer | Updating Camera Volume
Fra:1 Mem:28.27M (Peak 28.27M) | Time:00:00.10 | Mem:17.44M, Peak:17.44M | Scene, ViewLayer | Updating Lookup Tables
Fra:1 Mem:28.19M (Peak 28.27M) | Time:00:00.10 | Mem:17.53M, Peak:17.53M | Scene, ViewLayer | Updating Lights
Fra:1 Mem:28.19M (Peak 28.27M) | Time:00:00.10 | Mem:17.53M, Peak:17.53M | Scene, ViewLayer | Updating Lights | Computing tree
Fra:1 Mem:28.19M (Peak 28.27M) | Time:00:00.10 | Mem:17.53M, Peak:17.53M | Scene, ViewLayer | Updating Integrator
Fra:1 Mem:28.19M (Peak 28.27M) | Time:00:00.10 | Mem:17.53M, Peak:17.53M | Scene, ViewLayer | Updating Film
Fra:1 Mem:28.28M (Peak 28.28M) | Time:00:00.10 | Mem:17.44M, Peak:17.53M | Scene, ViewLayer | Updating Lookup Tables
Fra:1 Mem:28.19M (Peak 28.28M) | Time:00:00.10 | Mem:17.53M, Peak:17.53M | Scene, ViewLayer | Updating Baking
Fra:1 Mem:28.19M (Peak 28.28M) | Time:00:00.10 | Mem:17.53M, Peak:17.53M | Scene, ViewLayer | Updating Device | Writing constant memory
Fra:1 Mem:28.19M (Peak 60.19M) | Time:00:00.12 | Mem:2737.54M, Peak:2737.54M | Scene, ViewLayer | Sample 0/512 (Using optimized kernels)
Fra:1 Mem:28.18M (Peak 60.19M) | Time:00:00.21 | Remaining:00:46.09 | Mem:2752.83M, Peak:2752.83M | Scene, ViewLayer | Sample 1/512 (Using optimized kernels)
Fra:1 Mem:28.18M (Peak 60.19M) | Time:00:05.65 | Remaining:00:05.48 | Mem:2752.84M, Peak:2752.84M | Scene, ViewLayer | Sample 257/512 (Using optimized kernels)
Fra:1 Mem:43.44M (Peak 73.96M) | Time:00:11.05 | Mem:2752.84M, Peak:2752.84M | Scene, ViewLayer | Sample 512/512 (Using optimized kernels)
Fra:1 Mem:43.44M (Peak 73.96M) | Time:00:11.05 | Mem:2752.84M, Peak:2752.84M | Scene, ViewLayer | Finished
Saved: '/Users/krapnik/Documents/OpenMixture/tmp/leather-pbr-final/detail-max.png'
Time: 00:11.10 (Saving: 00:00.04)

Fra:1 Mem:12.32M (Peak 27.87M) | Time:00:00.00 | Mem:0.02M, Peak:0.02M | Scene, ViewLayer | Synchronizing object | Studio floor
Fra:1 Mem:12.32M (Peak 27.87M) | Time:00:00.00 | Mem:0.02M, Peak:0.02M | Scene, ViewLayer | Synchronizing object | Narrow reflection card
Fra:1 Mem:14.61M (Peak 27.87M) | Time:00:00.00 | Mem:0.02M, Peak:0.02M | Scene, ViewLayer | Initializing
Fra:1 Mem:14.16M (Peak 27.87M) | Time:00:00.00 | Mem:0.02M, Peak:0.02M | Scene, ViewLayer | Waiting for render to start
Fra:1 Mem:14.16M (Peak 27.87M) | Time:00:00.00 | Mem:0.02M, Peak:0.02M | Scene, ViewLayer | Updating Scene
Fra:1 Mem:14.16M (Peak 27.87M) | Time:00:00.00 | Mem:0.02M, Peak:0.02M | Scene, ViewLayer | Updating Shaders
Fra:1 Mem:14.16M (Peak 27.87M) | Time:00:00.00 | Mem:0.02M, Peak:0.02M | Scene, ViewLayer | Loading render kernels (may take a few minutes the first time)
Fra:1 Mem:14.24M (Peak 27.87M) | Time:00:00.02 | Mem:0.03M, Peak:0.03M | Scene, ViewLayer | Updating Procedurals
Fra:1 Mem:14.24M (Peak 27.87M) | Time:00:00.02 | Mem:0.03M, Peak:0.03M | Scene, ViewLayer | Updating Background
Fra:1 Mem:14.24M (Peak 27.87M) | Time:00:00.02 | Mem:0.03M, Peak:0.03M | Scene, ViewLayer | Updating Camera
Fra:1 Mem:14.24M (Peak 27.87M) | Time:00:00.02 | Mem:0.03M, Peak:0.03M | Scene, ViewLayer | Updating Meshes Flags
Fra:1 Mem:14.24M (Peak 27.87M) | Time:00:00.02 | Mem:0.03M, Peak:0.03M | Scene, ViewLayer | Updating Objects
Fra:1 Mem:14.24M (Peak 27.87M) | Time:00:00.02 | Mem:0.03M, Peak:0.03M | Scene, ViewLayer | Updating Objects | Copying Transformations to device
Fra:1 Mem:14.24M (Peak 27.87M) | Time:00:00.02 | Mem:0.03M, Peak:0.03M | Scene, ViewLayer | Updating Particle Systems
Fra:1 Mem:14.24M (Peak 27.87M) | Time:00:00.02 | Mem:0.03M, Peak:0.03M | Scene, ViewLayer | Updating Particle Systems | Copying Particles to device
Fra:1 Mem:14.24M (Peak 27.87M) | Time:00:00.02 | Mem:0.03M, Peak:0.03M | Scene, ViewLayer | Updating Meshes
Fra:1 Mem:16.33M (Peak 27.87M) | Time:00:00.02 | Mem:0.03M, Peak:0.03M | Scene, ViewLayer | Updating Objects | Applying Static Transformations
Fra:1 Mem:16.33M (Peak 27.87M) | Time:00:00.02 | Mem:0.03M, Peak:0.03M | Scene, ViewLayer | Updating Mesh | Computing attributes
Fra:1 Mem:19.05M (Peak 27.87M) | Time:00:00.02 | Mem:0.03M, Peak:0.03M | Scene, ViewLayer | Updating Mesh | Copying Attributes to device
Fra:1 Mem:16.33M (Peak 27.87M) | Time:00:00.07 | Mem:2.76M, Peak:2.76M | Scene, ViewLayer | Updating Geometry BVH light 9/8 | Building BVH
Fra:1 Mem:16.33M (Peak 27.87M) | Time:00:00.07 | Mem:2.76M, Peak:2.76M | Scene, ViewLayer | Updating Geometry BVH Cube 3/8 | Building BVH
Fra:1 Mem:16.33M (Peak 27.87M) | Time:00:00.07 | Mem:2.76M, Peak:2.76M | Scene, ViewLayer | Updating Geometry BVH Key softbox 6/8 | Building BVH
Fra:1 Mem:16.33M (Peak 27.87M) | Time:00:00.07 | Mem:2.76M, Peak:2.76M | Scene, ViewLayer | Updating Geometry BVH Narrow reflection card 7/8 | Building BVH
Fra:1 Mem:16.33M (Peak 27.87M) | Time:00:00.07 | Mem:2.76M, Peak:2.76M | Scene, ViewLayer | Updating Geometry BVH Plane.001 4/8 | Building BVH
Fra:1 Mem:16.33M (Peak 27.87M) | Time:00:00.07 | Mem:2.76M, Peak:2.76M | Scene, ViewLayer | Updating Geometry BVH Plane.001 4/8 | Building mesh BLAS |     300 tris | Cube
Fra:1 Mem:16.33M (Peak 27.87M) | Time:00:00.07 | Mem:2.76M, Peak:2.76M | Scene, ViewLayer | Updating Geometry BVH Sphere 5/8 | Building mesh BLAS |       2 tris | Plane.001
Fra:1 Mem:16.33M (Peak 27.87M) | Time:00:00.07 | Mem:2.76M, Peak:2.76M | Scene, ViewLayer | Updating Geometry BVH Sphere 5/8 | Building mesh BLAS |   36480 tris | Sphere
Fra:1 Mem:16.33M (Peak 27.87M) | Time:00:00.07 | Mem:2.76M, Peak:2.76M | Scene, ViewLayer | Updating Scene BVH | Building
Fra:1 Mem:16.33M (Peak 27.87M) | Time:00:00.08 | Mem:4.43M, Peak:4.43M | Scene, ViewLayer | Updating Scene BVH | Building TLAS      |       8 instances
Fra:1 Mem:16.33M (Peak 27.87M) | Time:00:00.08 | Mem:4.44M, Peak:4.44M | Scene, ViewLayer | Updating Scene BVH | Copying BVH to device
Fra:1 Mem:16.33M (Peak 27.87M) | Time:00:00.08 | Mem:4.44M, Peak:4.44M | Scene, ViewLayer | Updating Mesh | Computing normals
Fra:1 Mem:17.32M (Peak 27.87M) | Time:00:00.08 | Mem:4.44M, Peak:4.44M | Scene, ViewLayer | Updating Mesh | Copying Mesh to device
Fra:1 Mem:16.33M (Peak 27.87M) | Time:00:00.08 | Mem:5.44M, Peak:5.44M | Scene, ViewLayer | Updating Objects Flags
Fra:1 Mem:16.33M (Peak 27.87M) | Time:00:00.08 | Mem:5.44M, Peak:5.44M | Scene, ViewLayer | Updating Primitive Offsets
Fra:1 Mem:16.33M (Peak 27.87M) | Time:00:00.08 | Mem:5.44M, Peak:5.44M | Scene, ViewLayer | Updating Images
Fra:1 Mem:16.33M (Peak 27.87M) | Time:00:00.08 | Mem:5.44M, Peak:5.44M | Scene, ViewLayer | Updating Images | Loading normal.png
Fra:1 Mem:20.33M (Peak 27.87M) | Time:00:00.08 | Mem:5.44M, Peak:5.44M | Scene, ViewLayer | Updating Images | Loading baseColor.png
Fra:1 Mem:24.33M (Peak 27.87M) | Time:00:00.08 | Mem:5.44M, Peak:5.44M | Scene, ViewLayer | Updating Images | Loading roughness.png
Fra:1 Mem:28.34M (Peak 28.34M) | Time:00:00.10 | Mem:17.44M, Peak:17.44M | Scene, ViewLayer | Updating Camera Volume
Fra:1 Mem:28.34M (Peak 28.34M) | Time:00:00.10 | Mem:17.44M, Peak:17.44M | Scene, ViewLayer | Updating Lookup Tables
Fra:1 Mem:28.26M (Peak 28.34M) | Time:00:00.10 | Mem:17.53M, Peak:17.53M | Scene, ViewLayer | Updating Lights
Fra:1 Mem:28.26M (Peak 28.34M) | Time:00:00.10 | Mem:17.53M, Peak:17.53M | Scene, ViewLayer | Updating Lights | Computing tree
Fra:1 Mem:28.26M (Peak 28.34M) | Time:00:00.10 | Mem:17.53M, Peak:17.53M | Scene, ViewLayer | Updating Integrator
Fra:1 Mem:28.26M (Peak 28.34M) | Time:00:00.10 | Mem:17.53M, Peak:17.53M | Scene, ViewLayer | Updating Film
Fra:1 Mem:28.35M (Peak 28.35M) | Time:00:00.10 | Mem:17.44M, Peak:17.53M | Scene, ViewLayer | Updating Lookup Tables
Fra:1 Mem:28.26M (Peak 28.35M) | Time:00:00.10 | Mem:17.53M, Peak:17.53M | Scene, ViewLayer | Updating Baking
Fra:1 Mem:28.26M (Peak 28.35M) | Time:00:00.10 | Mem:17.53M, Peak:17.53M | Scene, ViewLayer | Updating Device | Writing constant memory
Fra:1 Mem:28.26M (Peak 60.26M) | Time:00:00.12 | Mem:2737.54M, Peak:2737.54M | Scene, ViewLayer | Sample 0/512 (Using optimized kernels)
Fra:1 Mem:28.25M (Peak 60.26M) | Time:00:00.21 | Remaining:00:45.51 | Mem:2752.83M, Peak:2752.83M | Scene, ViewLayer | Sample 1/512 (Using optimized kernels)
Fra:1 Mem:28.25M (Peak 60.26M) | Time:00:05.64 | Remaining:00:05.47 | Mem:2752.84M, Peak:2752.84M | Scene, ViewLayer | Sample 257/512 (Using optimized kernels)
Fra:1 Mem:43.51M (Peak 74.03M) | Time:00:11.05 | Mem:2752.84M, Peak:2752.84M | Scene, ViewLayer | Sample 512/512 (Using optimized kernels)
Fra:1 Mem:43.51M (Peak 74.03M) | Time:00:11.05 | Mem:2752.84M, Peak:2752.84M | Scene, ViewLayer | Finished
Saved: '/Users/krapnik/Documents/OpenMixture/tmp/leather-pbr-final/coarse-grain.png'
Time: 00:11.10 (Saving: 00:00.04)

Review images and input evidence written to /Users/krapnik/Documents/OpenMixture/tmp/leather-pbr-final

Blender quit
