.cargo_vcs_info.json
Cargo.lock
Cargo.toml
Cargo.toml.orig
examples/diagnostics.rs
src/compiler/lower.rs
src/compiler/normalize.rs
src/compiler.rs
src/document/decode.rs
src/document.rs
src/error.rs
src/lib.rs
src/limits.rs
src/nodes/blend.rs
src/nodes/checker.rs
src/nodes/constant_color.rs
src/nodes/constant_scalar.rs
src/nodes/fractal_noise.rs
src/nodes/gradient_map.rs
src/nodes/height_to_normal.rs
src/nodes/levels.rs
src/nodes/material_output.rs
src/nodes/mod.rs
src/nodes/transform_2d.rs
src/nodes/warp.rs
src/plan.rs
src/registry.rs
src/validation.rs
tests/diagnostics.rs
tests/format.rs
tests/limits.rs
tests/m3_nodes.rs
tests/plan.rs
tests/registry.rs
tests/resampling.rs
tests/snapshots/diagnostics-report.json
tests/snapshots/diagnostics-vocabulary.json
tests/snapshots/limits-defaults.json
tests/snapshots/limits-exceeded.json
tests/snapshots/plan-all-m2.json
tests/snapshots/plan-checker.json
tests/snapshots/plan-defaults.json
tests/snapshots/plan-sliced.json
tests/validation.rs
