{
  "schemaVersion": 1,
  "input": "missing.mix",
  "outputDirectory": "unused",
  "planHash": null,
  "context": null,
  "execution": null,
  "outputs": [],
  "ok": false,
  "diagnostics": [
    {
      "code": "MIX_IO_READ_FAILED",
      "stage": "parse",
      "severity": "error",
      "message": "Could not read the material file.",
      "documentPath": "missing.mix",
      "evidence": {
        "sourceMessage": "No such file or directory (os error 2)"
      },
      "suggestion": "Check the input path, file type, and read permissions."
    }
  ]
}
