mixture-core-0.1.0/.cargo_vcs_info.json
mixture-core-0.1.0/Cargo.toml
mixture-core-0.1.0/Cargo.toml.orig
mixture-core-0.1.0/LICENSE-APACHE
mixture-core-0.1.0/LICENSE-MIT
mixture-core-0.1.0/README.md
mixture-core-0.1.0/README.zh-CN.md
mixture-core-0.1.0/src/compiler/lower.rs
mixture-core-0.1.0/src/compiler/normalize.rs
mixture-core-0.1.0/src/compiler.rs
mixture-core-0.1.0/src/document/decode.rs
mixture-core-0.1.0/src/document.rs
mixture-core-0.1.0/src/error.rs
mixture-core-0.1.0/src/lib.rs
mixture-core-0.1.0/src/limits.rs
mixture-core-0.1.0/src/nodes/blend.rs
mixture-core-0.1.0/src/nodes/checker.rs
mixture-core-0.1.0/src/nodes/constant_color.rs
mixture-core-0.1.0/src/nodes/constant_scalar.rs
mixture-core-0.1.0/src/nodes/fractal_noise.rs
mixture-core-0.1.0/src/nodes/gradient_map.rs
mixture-core-0.1.0/src/nodes/height_to_normal.rs
mixture-core-0.1.0/src/nodes/levels.rs
mixture-core-0.1.0/src/nodes/material_output.rs
mixture-core-0.1.0/src/nodes/mod.rs
mixture-core-0.1.0/src/nodes/transform_2d.rs
mixture-core-0.1.0/src/nodes/warp.rs
mixture-core-0.1.0/src/plan.rs
mixture-core-0.1.0/src/registry.rs
mixture-core-0.1.0/src/validation.rs
