{
  "schemaVersion": 1,
  "input": "input.mix",
  "outputDirectory": "full",
  "planHash": "sha256:0d612f096a2c29dfc6e63a46a9f0abc32e5ea93ac23ba88fcb3bfab6ebe43e43",
  "context": {
    "schemaVersion": 1,
    "verdict": "unverified",
    "requested": {
      "backend": "metal",
      "powerPreference": "high-performance",
      "softwareAdapter": false,
      "effectiveBackends": [
        "METAL"
      ],
      "requiredFeatures": [],
      "requiredLimits": {
        "maxTextureDimension1D": 8192,
        "maxTextureDimension2D": 8192,
        "maxTextureDimension3D": 2048,
        "maxTextureArrayLayers": 256,
        "maxBindGroups": 4,
        "maxBindGroupsPlusVertexBuffers": 24,
        "maxBindingsPerBindGroup": 1000,
        "maxDynamicUniformBuffersPerPipelineLayout": 8,
        "maxDynamicStorageBuffersPerPipelineLayout": 4,
        "maxSampledTexturesPerShaderStage": 16,
        "maxSamplersPerShaderStage": 16,
        "maxStorageBuffersPerShaderStage": 8,
        "maxStorageTexturesPerShaderStage": 4,
        "maxUniformBuffersPerShaderStage": 12,
        "maxBindingArrayElementsPerShaderStage": 0,
        "maxBindingArrayAccelerationStructureElementsPerShaderStage": 0,
        "maxBindingArraySamplerElementsPerShaderStage": 0,
        "maxUniformBufferBindingSize": 65536,
        "maxStorageBufferBindingSize": 134217728,
        "maxVertexBuffers": 8,
        "maxBufferSize": 268435456,
        "maxVertexAttributes": 16,
        "maxVertexBufferArrayStride": 2048,
        "maxInterStageShaderVariables": 16,
        "minUniformBufferOffsetAlignment": 256,
        "minStorageBufferOffsetAlignment": 256,
        "maxColorAttachments": 8,
        "maxColorAttachmentBytesPerSample": 32,
        "maxComputeWorkgroupStorageSize": 16384,
        "maxComputeInvocationsPerWorkgroup": 256,
        "maxComputeWorkgroupSizeX": 256,
        "maxComputeWorkgroupSizeY": 256,
        "maxComputeWorkgroupSizeZ": 64,
        "maxComputeWorkgroupsPerDimension": 65535,
        "maxImmediateSize": 0,
        "maxNonSamplerBindings": 1000000,
        "maxTaskWorkgroupTotalCount": 0,
        "maxTaskWorkgroupsPerDimension": 0,
        "maxMeshWorkgroupTotalCount": 0,
        "maxMeshWorkgroupsPerDimension": 0,
        "maxTaskInvocationsPerWorkgroup": 0,
        "maxTaskInvocationsPerDimension": 0,
        "maxMeshInvocationsPerWorkgroup": 0,
        "maxMeshInvocationsPerDimension": 0,
        "maxTaskPayloadSize": 0,
        "maxMeshOutputVertices": 0,
        "maxMeshOutputPrimitives": 0,
        "maxMeshOutputLayers": 0,
        "maxMeshMultiviewViewCount": 0,
        "maxBlasPrimitiveCount": 0,
        "maxBlasGeometryCount": 0,
        "maxTlasInstanceCount": 0,
        "maxAccelerationStructuresPerShaderStage": 0,
        "maxBuffersAndAccelerationStructuresPerShaderStage": 28,
        "maxMultiviewViewCount": 0,
        "maxRayDispatchCount": 0,
        "maxRayRecursionDepth": 0
      }
    },
    "adapter": {
      "name": "Apple M5",
      "deviceType": "IntegratedGpu",
      "backend": "Metal",
      "vendor": 0,
      "device": 0,
      "driver": "",
      "driverInfo": "",
      "supportedLimits": {
        "maxTextureDimension1D": 32768,
        "maxTextureDimension2D": 32768,
        "maxTextureDimension3D": 2048,
        "maxTextureArrayLayers": 2048,
        "maxBindGroups": 8,
        "maxBindGroupsPlusVertexBuffers": 24,
        "maxBindingsPerBindGroup": 4294967295,
        "maxDynamicUniformBuffersPerPipelineLayout": 29,
        "maxDynamicStorageBuffersPerPipelineLayout": 29,
        "maxSampledTexturesPerShaderStage": 96,
        "maxSamplersPerShaderStage": 16,
        "maxStorageBuffersPerShaderStage": 29,
        "maxStorageTexturesPerShaderStage": 32,
        "maxUniformBuffersPerShaderStage": 29,
        "maxBindingArrayElementsPerShaderStage": 1000000,
        "maxBindingArrayAccelerationStructureElementsPerShaderStage": 0,
        "maxBindingArraySamplerElementsPerShaderStage": 500000,
        "maxUniformBufferBindingSize": 4294967295,
        "maxStorageBufferBindingSize": 4294967292,
        "maxVertexBuffers": 16,
        "maxBufferSize": 4294967295,
        "maxVertexAttributes": 31,
        "maxVertexBufferArrayStride": 2048,
        "maxInterStageShaderVariables": 31,
        "minUniformBufferOffsetAlignment": 256,
        "minStorageBufferOffsetAlignment": 32,
        "maxColorAttachments": 8,
        "maxColorAttachmentBytesPerSample": 64,
        "maxComputeWorkgroupStorageSize": 32768,
        "maxComputeInvocationsPerWorkgroup": 1024,
        "maxComputeWorkgroupSizeX": 1024,
        "maxComputeWorkgroupSizeY": 1024,
        "maxComputeWorkgroupSizeZ": 1024,
        "maxComputeWorkgroupsPerDimension": 65535,
        "maxImmediateSize": 256,
        "maxNonSamplerBindings": 4294967295,
        "maxTaskWorkgroupTotalCount": 4294967295,
        "maxTaskWorkgroupsPerDimension": 4294967295,
        "maxMeshWorkgroupTotalCount": 4194304,
        "maxMeshWorkgroupsPerDimension": 4194304,
        "maxTaskInvocationsPerWorkgroup": 1024,
        "maxTaskInvocationsPerDimension": 1024,
        "maxMeshInvocationsPerWorkgroup": 1024,
        "maxMeshInvocationsPerDimension": 1024,
        "maxTaskPayloadSize": 16352,
        "maxMeshOutputVertices": 256,
        "maxMeshOutputPrimitives": 256,
        "maxMeshOutputLayers": 2048,
        "maxMeshMultiviewViewCount": 0,
        "maxBlasPrimitiveCount": 268435456,
        "maxBlasGeometryCount": 16777216,
        "maxTlasInstanceCount": 16777216,
        "maxAccelerationStructuresPerShaderStage": 29,
        "maxBuffersAndAccelerationStructuresPerShaderStage": 29,
        "maxMultiviewViewCount": 8,
        "maxRayDispatchCount": 0,
        "maxRayRecursionDepth": 0
      },
      "supportedFeatures": [
        "ADDRESS_MODE_CLAMP_TO_BORDER",
        "ADDRESS_MODE_CLAMP_TO_ZERO",
        "BGRA8UNORM_STORAGE",
        "BUFFER_BINDING_ARRAY",
        "CLEAR_TEXTURE",
        "CLIP_DISTANCES",
        "DEPTH32FLOAT_STENCIL8",
        "DEPTH_CLIP_CONTROL",
        "DUAL_SOURCE_BLENDING",
        "EXPERIMENTAL_COOPERATIVE_MATRIX",
        "EXPERIMENTAL_MESH_SHADER",
        "EXPERIMENTAL_MESH_SHADER_MULTIVIEW",
        "EXPERIMENTAL_MESH_SHADER_POINTS",
        "EXPERIMENTAL_RAY_QUERY",
        "EXTERNAL_TEXTURE",
        "FLOAT32_BLENDABLE",
        "FLOAT32_FILTERABLE",
        "IMMEDIATES",
        "INDIRECT_FIRST_INSTANCE",
        "MAPPABLE_PRIMARY_BUFFERS",
        "MEMORY_DECORATION_COHERENT",
        "MULTISAMPLE_ARRAY",
        "MULTIVIEW",
        "PARTIALLY_BOUND_BINDING_ARRAY",
        "PASSTHROUGH_SHADERS",
        "POLYGON_MODE_LINE",
        "PRIMITIVE_INDEX",
        "RG11B10UFLOAT_RENDERABLE",
        "SAMPLED_TEXTURE_AND_STORAGE_BUFFER_ARRAY_NON_UNIFORM_INDEXING",
        "SHADER_BARYCENTRICS",
        "SHADER_F16",
        "SHADER_FLOAT32_ATOMIC",
        "SHADER_I16",
        "SHADER_INT64",
        "SHADER_INT64_ATOMIC_MIN_MAX",
        "SHADER_PER_VERTEX",
        "STORAGE_RESOURCE_BINDING_ARRAY",
        "STORAGE_TEXTURE_ARRAY_NON_UNIFORM_INDEXING",
        "SUBGROUP",
        "SUBGROUP_BARRIER",
        "TEXTURE_ADAPTER_SPECIFIC_FORMAT_FEATURES",
        "TEXTURE_ATOMIC",
        "TEXTURE_BINDING_ARRAY",
        "TEXTURE_COMPRESSION_ASTC",
        "TEXTURE_COMPRESSION_ASTC_HDR",
        "TEXTURE_COMPRESSION_ASTC_SLICED_3D",
        "TEXTURE_COMPRESSION_BC",
        "TEXTURE_COMPRESSION_BC_SLICED_3D",
        "TEXTURE_COMPRESSION_ETC2",
        "TEXTURE_FORMAT_16BIT_NORM",
        "TEXTURE_INT64_ATOMIC",
        "TIMESTAMP_QUERY",
        "VERTEX_WRITABLE_STORAGE"
      ]
    },
    "device": {
      "limits": {
        "maxTextureDimension1D": 8192,
        "maxTextureDimension2D": 8192,
        "maxTextureDimension3D": 2048,
        "maxTextureArrayLayers": 256,
        "maxBindGroups": 4,
        "maxBindGroupsPlusVertexBuffers": 24,
        "maxBindingsPerBindGroup": 1000,
        "maxDynamicUniformBuffersPerPipelineLayout": 8,
        "maxDynamicStorageBuffersPerPipelineLayout": 4,
        "maxSampledTexturesPerShaderStage": 16,
        "maxSamplersPerShaderStage": 16,
        "maxStorageBuffersPerShaderStage": 8,
        "maxStorageTexturesPerShaderStage": 4,
        "maxUniformBuffersPerShaderStage": 12,
        "maxBindingArrayElementsPerShaderStage": 0,
        "maxBindingArrayAccelerationStructureElementsPerShaderStage": 0,
        "maxBindingArraySamplerElementsPerShaderStage": 0,
        "maxUniformBufferBindingSize": 65536,
        "maxStorageBufferBindingSize": 134217728,
        "maxVertexBuffers": 8,
        "maxBufferSize": 268435456,
        "maxVertexAttributes": 16,
        "maxVertexBufferArrayStride": 2048,
        "maxInterStageShaderVariables": 16,
        "minUniformBufferOffsetAlignment": 256,
        "minStorageBufferOffsetAlignment": 256,
        "maxColorAttachments": 8,
        "maxColorAttachmentBytesPerSample": 32,
        "maxComputeWorkgroupStorageSize": 16384,
        "maxComputeInvocationsPerWorkgroup": 256,
        "maxComputeWorkgroupSizeX": 256,
        "maxComputeWorkgroupSizeY": 256,
        "maxComputeWorkgroupSizeZ": 64,
        "maxComputeWorkgroupsPerDimension": 65535,
        "maxImmediateSize": 0,
        "maxNonSamplerBindings": 1000000,
        "maxTaskWorkgroupTotalCount": 0,
        "maxTaskWorkgroupsPerDimension": 0,
        "maxMeshWorkgroupTotalCount": 0,
        "maxMeshWorkgroupsPerDimension": 0,
        "maxTaskInvocationsPerWorkgroup": 0,
        "maxTaskInvocationsPerDimension": 0,
        "maxMeshInvocationsPerWorkgroup": 0,
        "maxMeshInvocationsPerDimension": 0,
        "maxTaskPayloadSize": 0,
        "maxMeshOutputVertices": 0,
        "maxMeshOutputPrimitives": 0,
        "maxMeshOutputLayers": 0,
        "maxMeshMultiviewViewCount": 0,
        "maxBlasPrimitiveCount": 0,
        "maxBlasGeometryCount": 0,
        "maxTlasInstanceCount": 0,
        "maxAccelerationStructuresPerShaderStage": 0,
        "maxBuffersAndAccelerationStructuresPerShaderStage": 28,
        "maxMultiviewViewCount": 0,
        "maxRayDispatchCount": 0,
        "maxRayRecursionDepth": 0
      },
      "features": []
    },
    "computeProbe": "notRun",
    "readbackProbe": "notRun",
    "ok": true,
    "diagnostics": []
  },
  "execution": {
    "planHash": "sha256:0d612f096a2c29dfc6e63a46a9f0abc32e5ea93ac23ba88fcb3bfab6ebe43e43",
    "adapter": {
      "name": "Apple M5",
      "deviceType": "IntegratedGpu",
      "backend": "Metal",
      "vendor": 0,
      "device": 0,
      "driver": "",
      "driverInfo": "",
      "supportedLimits": {
        "maxTextureDimension1D": 32768,
        "maxTextureDimension2D": 32768,
        "maxTextureDimension3D": 2048,
        "maxTextureArrayLayers": 2048,
        "maxBindGroups": 8,
        "maxBindGroupsPlusVertexBuffers": 24,
        "maxBindingsPerBindGroup": 4294967295,
        "maxDynamicUniformBuffersPerPipelineLayout": 29,
        "maxDynamicStorageBuffersPerPipelineLayout": 29,
        "maxSampledTexturesPerShaderStage": 96,
        "maxSamplersPerShaderStage": 16,
        "maxStorageBuffersPerShaderStage": 29,
        "maxStorageTexturesPerShaderStage": 32,
        "maxUniformBuffersPerShaderStage": 29,
        "maxBindingArrayElementsPerShaderStage": 1000000,
        "maxBindingArrayAccelerationStructureElementsPerShaderStage": 0,
        "maxBindingArraySamplerElementsPerShaderStage": 500000,
        "maxUniformBufferBindingSize": 4294967295,
        "maxStorageBufferBindingSize": 4294967292,
        "maxVertexBuffers": 16,
        "maxBufferSize": 4294967295,
        "maxVertexAttributes": 31,
        "maxVertexBufferArrayStride": 2048,
        "maxInterStageShaderVariables": 31,
        "minUniformBufferOffsetAlignment": 256,
        "minStorageBufferOffsetAlignment": 32,
        "maxColorAttachments": 8,
        "maxColorAttachmentBytesPerSample": 64,
        "maxComputeWorkgroupStorageSize": 32768,
        "maxComputeInvocationsPerWorkgroup": 1024,
        "maxComputeWorkgroupSizeX": 1024,
        "maxComputeWorkgroupSizeY": 1024,
        "maxComputeWorkgroupSizeZ": 1024,
        "maxComputeWorkgroupsPerDimension": 65535,
        "maxImmediateSize": 256,
        "maxNonSamplerBindings": 4294967295,
        "maxTaskWorkgroupTotalCount": 4294967295,
        "maxTaskWorkgroupsPerDimension": 4294967295,
        "maxMeshWorkgroupTotalCount": 4194304,
        "maxMeshWorkgroupsPerDimension": 4194304,
        "maxTaskInvocationsPerWorkgroup": 1024,
        "maxTaskInvocationsPerDimension": 1024,
        "maxMeshInvocationsPerWorkgroup": 1024,
        "maxMeshInvocationsPerDimension": 1024,
        "maxTaskPayloadSize": 16352,
        "maxMeshOutputVertices": 256,
        "maxMeshOutputPrimitives": 256,
        "maxMeshOutputLayers": 2048,
        "maxMeshMultiviewViewCount": 0,
        "maxBlasPrimitiveCount": 268435456,
        "maxBlasGeometryCount": 16777216,
        "maxTlasInstanceCount": 16777216,
        "maxAccelerationStructuresPerShaderStage": 29,
        "maxBuffersAndAccelerationStructuresPerShaderStage": 29,
        "maxMultiviewViewCount": 8,
        "maxRayDispatchCount": 0,
        "maxRayRecursionDepth": 0
      },
      "supportedFeatures": [
        "ADDRESS_MODE_CLAMP_TO_BORDER",
        "ADDRESS_MODE_CLAMP_TO_ZERO",
        "BGRA8UNORM_STORAGE",
        "BUFFER_BINDING_ARRAY",
        "CLEAR_TEXTURE",
        "CLIP_DISTANCES",
        "DEPTH32FLOAT_STENCIL8",
        "DEPTH_CLIP_CONTROL",
        "DUAL_SOURCE_BLENDING",
        "EXPERIMENTAL_COOPERATIVE_MATRIX",
        "EXPERIMENTAL_MESH_SHADER",
        "EXPERIMENTAL_MESH_SHADER_MULTIVIEW",
        "EXPERIMENTAL_MESH_SHADER_POINTS",
        "EXPERIMENTAL_RAY_QUERY",
        "EXTERNAL_TEXTURE",
        "FLOAT32_BLENDABLE",
        "FLOAT32_FILTERABLE",
        "IMMEDIATES",
        "INDIRECT_FIRST_INSTANCE",
        "MAPPABLE_PRIMARY_BUFFERS",
        "MEMORY_DECORATION_COHERENT",
        "MULTISAMPLE_ARRAY",
        "MULTIVIEW",
        "PARTIALLY_BOUND_BINDING_ARRAY",
        "PASSTHROUGH_SHADERS",
        "POLYGON_MODE_LINE",
        "PRIMITIVE_INDEX",
        "RG11B10UFLOAT_RENDERABLE",
        "SAMPLED_TEXTURE_AND_STORAGE_BUFFER_ARRAY_NON_UNIFORM_INDEXING",
        "SHADER_BARYCENTRICS",
        "SHADER_F16",
        "SHADER_FLOAT32_ATOMIC",
        "SHADER_I16",
        "SHADER_INT64",
        "SHADER_INT64_ATOMIC_MIN_MAX",
        "SHADER_PER_VERTEX",
        "STORAGE_RESOURCE_BINDING_ARRAY",
        "STORAGE_TEXTURE_ARRAY_NON_UNIFORM_INDEXING",
        "SUBGROUP",
        "SUBGROUP_BARRIER",
        "TEXTURE_ADAPTER_SPECIFIC_FORMAT_FEATURES",
        "TEXTURE_ATOMIC",
        "TEXTURE_BINDING_ARRAY",
        "TEXTURE_COMPRESSION_ASTC",
        "TEXTURE_COMPRESSION_ASTC_HDR",
        "TEXTURE_COMPRESSION_ASTC_SLICED_3D",
        "TEXTURE_COMPRESSION_BC",
        "TEXTURE_COMPRESSION_BC_SLICED_3D",
        "TEXTURE_COMPRESSION_ETC2",
        "TEXTURE_FORMAT_16BIT_NORM",
        "TEXTURE_INT64_ATOMIC",
        "TIMESTAMP_QUERY",
        "VERTEX_WRITABLE_STORAGE"
      ]
    },
    "size": [
      65,
      3
    ],
    "passCount": 4,
    "pipelineCache": {
      "hits": 2,
      "misses": 2,
      "entries": 2
    },
    "estimates": {
      "textureBytes": 6240,
      "uniformBytes": 96,
      "paddedBytesPerRow": 768,
      "readbackBufferBytes": 2304,
      "readbackBytes": 6240,
      "cumulativeReadbackBytes": 9216,
      "cumulativeBytes": 15552,
      "peakBytes": 8640
    },
    "allocations": {
      "textureCount": 4,
      "textureBytes": 6240,
      "uniformCount": 4,
      "uniformBytes": 96,
      "stagingCount": 4,
      "stagingBytes": 9216,
      "peakStagingBytes": 2304,
      "cumulativeBytes": 15552,
      "peakBytes": 8640,
      "liveBytes": 0,
      "releasedBytes": 15552,
      "reusedBytes": 0
    },
    "readbackBytes": 6240,
    "mappedBytes": 9216,
    "rgbaBytes": 3120,
    "timings": {
      "pipelineMs": 1.031584,
      "executionMs": 4.168375,
      "readbackMs": 1.7671670000000002,
      "totalMs": 7.406834
    }
  },
  "outputs": [
    {
      "channel": "baseColor",
      "kind": "color",
      "source": {
        "source": "connected",
        "from": {
          "nodeId": "pattern",
          "portId": "color"
        }
      },
      "size": [
        65,
        3
      ],
      "encoding": "rgba8-srgb",
      "path": "full/baseColor.png",
      "writtenBytes": 129
    },
    {
      "channel": "normal",
      "kind": "normal",
      "source": {
        "source": "default",
        "value": {
          "kind": "normal",
          "value": [
            0.5,
            0.5,
            1.0
          ]
        }
      },
      "size": [
        65,
        3
      ],
      "encoding": "rgba8-linear",
      "path": "full/normal.png",
      "writtenBytes": 104
    },
    {
      "channel": "roughness",
      "kind": "scalar",
      "source": {
        "source": "connected",
        "from": {
          "nodeId": "finish",
          "portId": "value"
        }
      },
      "size": [
        65,
        3
      ],
      "encoding": "rgba8-linear",
      "path": "full/roughness.png",
      "writtenBytes": 106
    },
    {
      "channel": "height",
      "kind": "scalar",
      "source": {
        "source": "default",
        "value": {
          "kind": "scalar",
          "value": 0.0
        }
      },
      "size": [
        65,
        3
      ],
      "encoding": "rgba8-linear",
      "path": "full/height.png",
      "writtenBytes": 103
    }
  ],
  "ok": true,
  "diagnostics": []
}
